Component: Arm Compiler for Embedded 6.21 Tool: armlink [5ec1fa00]

==============================================================================

Section Cross References

    startup_stm32f303x8.o(STACK) refers (Special) to heapauxi.o(.text) for __use_two_region_memory
    startup_stm32f303x8.o(HEAP) refers (Special) to heapauxi.o(.text) for __use_two_region_memory
    startup_stm32f303x8.o(RESET) refers (Special) to heapauxi.o(.text) for __use_two_region_memory
    startup_stm32f303x8.o(RESET) refers to startup_stm32f303x8.o(STACK) for __initial_sp
    startup_stm32f303x8.o(RESET) refers to startup_stm32f303x8.o(.text) for Reset_Handler
    startup_stm32f303x8.o(RESET) refers to stm32f3xx_it.o(.text.NMI_Handler) for NMI_Handler
    startup_stm32f303x8.o(RESET) refers to stm32f3xx_it.o(.text.HardFault_Handler) for HardFault_Handler
    startup_stm32f303x8.o(RESET) refers to stm32f3xx_it.o(.text.MemManage_Handler) for MemManage_Handler
    startup_stm32f303x8.o(RESET) refers to stm32f3xx_it.o(.text.BusFault_Handler) for BusFault_Handler
    startup_stm32f303x8.o(RESET) refers to stm32f3xx_it.o(.text.UsageFault_Handler) for UsageFault_Handler
    startup_stm32f303x8.o(RESET) refers to stm32f3xx_it.o(.text.SVC_Handler) for SVC_Handler
    startup_stm32f303x8.o(RESET) refers to stm32f3xx_it.o(.text.DebugMon_Handler) for DebugMon_Handler
    startup_stm32f303x8.o(RESET) refers to stm32f3xx_it.o(.text.PendSV_Handler) for PendSV_Handler
    startup_stm32f303x8.o(RESET) refers to main.o(.text.SysTick_Handler) for SysTick_Handler
    startup_stm32f303x8.o(RESET) refers to stm32f3xx_it.o(.text.USART1_IRQHandler) for USART1_IRQHandler
    startup_stm32f303x8.o(.text) refers (Special) to heapauxi.o(.text) for __use_two_region_memory
    startup_stm32f303x8.o(.text) refers to system_stm32f3xx.o(.text.SystemInit) for SystemInit
    startup_stm32f303x8.o(.text) refers to __main.o(!!!main) for __main
    startup_stm32f303x8.o(.text) refers to startup_stm32f303x8.o(HEAP) for Heap_Mem
    startup_stm32f303x8.o(.text) refers to startup_stm32f303x8.o(STACK) for Stack_Mem
    main.o(.text) refers (Special) to _printf_percent.o(.ARM.Collect$$_printf_percent$$00000000) for _printf_percent
    main.o(.text) refers (Special) to _printf_d.o(.ARM.Collect$$_printf_percent$$00000009) for _printf_d
    main.o(.text) refers (Special) to _printf_f.o(.ARM.Collect$$_printf_percent$$00000003) for _printf_f
    main.o(.text) refers (Special) to _printf_dec.o(.text) for _printf_int_dec
    main.o(.text) refers (Special) to printf1.o(x$fpl$printf1) for _printf_fp_dec
    main.o(.text.main) refers (Special) to _printf_percent.o(.ARM.Collect$$_printf_percent$$00000000) for _printf_percent
    main.o(.text.main) refers (Special) to _printf_d.o(.ARM.Collect$$_printf_percent$$00000009) for _printf_d
    main.o(.text.main) refers (Special) to _printf_f.o(.ARM.Collect$$_printf_percent$$00000003) for _printf_f
    main.o(.text.main) refers (Special) to _printf_dec.o(.text) for _printf_int_dec
    main.o(.text.main) refers (Special) to printf1.o(x$fpl$printf1) for _printf_fp_dec
    main.o(.text.main) refers to stm32f3xx_hal.o(.text.HAL_Init) for HAL_Init
    main.o(.text.main) refers to stm32f3xx_hal_rcc.o(.text.HAL_RCC_OscConfig) for HAL_RCC_OscConfig
    main.o(.text.main) refers to stm32f3xx_hal_rcc.o(.text.HAL_RCC_ClockConfig) for HAL_RCC_ClockConfig
    main.o(.text.main) refers to stm32f3xx_hal_rcc_ex.o(.text.HAL_RCCEx_PeriphCLKConfig) for HAL_RCCEx_PeriphCLKConfig
    main.o(.text.main) refers to stm32f3xx_hal_gpio.o(.text.HAL_GPIO_WritePin) for HAL_GPIO_WritePin
    main.o(.text.main) refers to stm32f3xx_hal_gpio.o(.text.HAL_GPIO_Init) for HAL_GPIO_Init
    main.o(.text.main) refers to main.o(.bss.hadc1) for hadc1
    main.o(.text.main) refers to stm32f3xx_hal_adc_ex.o(.text.HAL_ADC_Init) for HAL_ADC_Init
    main.o(.text.main) refers to stm32f3xx_hal_adc_ex.o(.text.HAL_ADCEx_MultiModeConfigChannel) for HAL_ADCEx_MultiModeConfigChannel
    main.o(.text.main) refers to stm32f3xx_hal_adc_ex.o(.text.HAL_ADC_ConfigChannel) for HAL_ADC_ConfigChannel
    main.o(.text.main) refers to main.o(.bss.hadc2) for hadc2
    main.o(.text.main) refers to main.o(.bss.hspi1) for hspi1
    main.o(.text.main) refers to stm32f3xx_hal_spi.o(.text.HAL_SPI_Init) for HAL_SPI_Init
    main.o(.text.main) refers to main.o(.bss..L_MergedGlobals) for .L_MergedGlobals
    main.o(.text.main) refers to stm32f3xx_hal_tim.o(.text.HAL_TIM_IC_Init) for HAL_TIM_IC_Init
    main.o(.text.main) refers to stm32f3xx_hal_tim_ex.o(.text.HAL_TIMEx_MasterConfigSynchronization) for HAL_TIMEx_MasterConfigSynchronization
    main.o(.text.main) refers to stm32f3xx_hal_tim.o(.text.HAL_TIM_IC_ConfigChannel) for HAL_TIM_IC_ConfigChannel
    main.o(.text.main) refers to main.o(.bss.huart1) for huart1
    main.o(.text.main) refers to stm32f3xx_hal_uart.o(.text.HAL_UART_Init) for HAL_UART_Init
    main.o(.text.main) refers to st7735.o(.text.ST7735_Init) for ST7735_Init
[...]
    .ARM.Collect$$libshutdown$$0000000F      0x0800025a   Section        0  libshutdown2.o(.ARM.Collect$$libshutdown$$0000000F)
    .ARM.Collect$$libshutdown$$00000010      0x0800025a   Section        2  libshutdown2.o(.ARM.Collect$$libshutdown$$00000010)
    .ARM.Collect$$rtentry$$00000000          0x0800025c   Section        0  __rtentry.o(.ARM.Collect$$rtentry$$00000000)
    .ARM.Collect$$rtentry$$00000002          0x0800025c   Section        0  __rtentry2.o(.ARM.Collect$$rtentry$$00000002)
    .ARM.Collect$$rtentry$$00000004          0x0800025c   Section        6  __rtentry4.o(.ARM.Collect$$rtentry$$00000004)
    .ARM.Collect$$rtentry$$00000009          0x08000262   Section        0  __rtentry2.o(.ARM.Collect$$rtentry$$00000009)
    .ARM.Collect$$rtentry$$0000000A          0x08000262   Section        4  __rtentry2.o(.ARM.Collect$$rtentry$$0000000A)
    .ARM.Collect$$rtentry$$0000000C          0x08000266   Section        0  __rtentry2.o(.ARM.Collect$$rtentry$$0000000C)
    .ARM.Collect$$rtentry$$0000000D          0x08000266   Section        8  __rtentry2.o(.ARM.Collect$$rtentry$$0000000D)
    .ARM.Collect$$rtexit$$00000000           0x0800026e   Section        2  rtexit.o(.ARM.Collect$$rtexit$$00000000)
    .ARM.Collect$$rtexit$$00000002           0x08000270   Section        0  rtexit2.o(.ARM.Collect$$rtexit$$00000002)
    .ARM.Collect$$rtexit$$00000003           0x08000270   Section        4  rtexit2.o(.ARM.Collect$$rtexit$$00000003)
    .ARM.Collect$$rtexit$$00000004           0x08000274   Section        6  rtexit2.o(.ARM.Collect$$rtexit$$00000004)
    $v0                                      0x0800027c   Number         0  startup_stm32f303x8.o(.text)
    .text                                    0x0800027c   Section       64  startup_stm32f303x8.o(.text)
    .text                                    0x080002bc   Section        0  h1_alloc.o(.text)
    .text                                    0x0800031a   Section        0  h1_free.o(.text)
    .text                                    0x08000368   Section      116  llsdiv.o(.text)
    .text                                    0x080003dc   Section        0  noretval__2sprintf.o(.text)
    .text                                    0x08000404   Section        0  _printf_dec.o(.text)
    .text                                    0x0800047c   Section        0  __printf_flags_wp.o(.text)
    .text                                    0x080005b4   Section        0  heapauxi.o(.text)
    .text                                    0x080005bc   Section        8  rt_heap_descriptor_intlibspace.o(.text)
    .text                                    0x080005c4   Section        0  hguard.o(.text)
    .text                                    0x080005c8   Section        0  init_alloc.o(.text)
    .text                                    0x08000652   Section        0  h1_init.o(.text)
    .text                                    0x0800065e   Section      240  lludivv7m.o(.text)
    .text                                    0x0800074e   Section        0  _printf_intcommon.o(.text)
    _fp_digits                               0x08000801   Thumb Code   432  _printf_fp_dec.o(.text)
    .text                                    0x08000800   Section        0  _printf_fp_dec.o(.text)
    _printf_input_char                       0x08000c1d   Thumb Code    10  _printf_char_common.o(.text)
    .text                                    0x08000c1c   Section        0  _printf_char_common.o(.text)
    .text                                    0x08000c4c   Section        0  _sputc.o(.text)
    .text                                    0x08000c58   Section        8  libspace.o(.text)
    .text                                    0x08000c60   Section        8  rt_locale_intlibspace.o(.text)
    .text                                    0x08000c68   Section        0  maybetermalloc1.o(.text)
    .text                                    0x08000c68   Section        0  h1_extend.o(.text)
    .text                                    0x08000c9c   Section      138  lludiv10.o(.text)
    .text                                    0x08000d28   Section        0  _printf_fp_infnan.o(.text)
    .text                                    0x08000da8   Section        0  bigflt0.o(.text)
    .text                                    0x08000e8c   Section        0  defsig_rtmem_outer.o(.text)
    .text                                    0x08000e9a   Section        2  use_no_semi.o(.text)
    .text                                    0x08000e9c   Section        0  indicate_semi.o(.text)
    .text                                    0x08000e9c   Section       74  sys_stackheap_outer.o(.text)
    .text                                    0x08000ee6   Section        0  exit.o(.text)
    .text                                    0x08000ef8   Section        0  defsig_exit.o(.text)
    .text                                    0x08000f04   Section        0  defsig_rtmem_inner.o(.text)
    .text                                    0x08000f58   Section      124  strcmpv7em.o(.text)
    .text                                    0x08000fd4   Section        0  sys_exit.o(.text)
    .text                                    0x08000fe0   Section        0  defsig_general.o(.text)
    .text                                    0x08001012   Section        0  sys_wrch.o(.text)
    ADC_ConversionStop                       0x08001021   Thumb Code   220  stm32f3xx_hal_adc_ex.o(.text.ADC_ConversionStop)
    [Anonymous Symbol]                       0x08001020   Section        0  stm32f3xx_hal_adc_ex.o(.text.ADC_ConversionStop)
    [Anonymous Symbol]                       0x080010fc   Section        0  stm32f3xx_it.o(.text.BusFault_Handler)
    [Anonymous Symbol]                       0x08001100   Section        0  stm32f3xx_it.o(.text.DebugMon_Handler)
    Display_St7735                           0x08001105   Thumb Code   404  main.o(.text.Display_St7735)
    [Anonymous Symbol]                       0x08001104   Section        0  main.o(.text.Display_St7735)
    Get_Data_And_Handle                      0x08001329   Thumb Code   856  main.o(.text.Get_Data_And_Handle)
    [Anonymous Symbol]                       0x08001328   Section        0  main.o(.text.Get_Data_And_Handle)
    [Anonymous Symbol]                       0x080016a4   Section        0  stm32f3xx_hal_adc_ex.o(.text.HAL_ADCEx_MultiModeConfigChannel)
    [Anonymous Symbol]                       0x08001794   Section        0  stm32f3xx_hal_adc_ex.o(.text.HAL_ADC_ConfigChannel)
    [Anonymous Symbol]                       0x08001b44   Section        0  stm32f3xx_hal_adc_ex.o(.text.HAL_ADC_GetValue)
    [Anonymous Symbol]                       0x08001b4c   Section        0  stm32f3xx_hal_adc_ex.o(.text.HAL_ADC_Init)
    [Anonymous Symbol]                       0x08001df8   Section        0  stm32f3xx_hal_msp.o(.text.HAL_ADC_MspInit)
    [Anonymous Symbol]                       0x08001eb8   Section        0  stm32f3xx_hal_adc_ex.o(.text.HAL_ADC_Start)
    [Anonymous Symbol]                       0x08001fe8   Section        0  stm32f3xx_hal_adc_ex.o(.text.HAL_ADC_Stop)
    [Anonymous Symbol]                       0x08002098   Section        0  stm32f3xx_hal_dma.o(.text.HAL_DMA_Abort)
    [Anonymous Symbol]                       0x080020e0   Section        0  stm32f3xx_hal_dma.o(.text.HAL_DMA_Abort_IT)
    [Anonymous Symbol]                       0x08002128   Section        0  stm32f3xx_hal.o(.text.HAL_Delay)
    [Anonymous Symbol]                       0x08002150   Section        0  stm32f3xx_hal_gpio.o(.text.HAL_GPIO_Init)
    [Anonymous Symbol]                       0x0800230c   Section        0  stm32f3xx_hal_gpio.o(.text.HAL_GPIO_TogglePin)
    [Anonymous Symbol]                       0x0800231c   Section        0  stm32f3xx_hal_gpio.o(.text.HAL_GPIO_WritePin)
    [Anonymous Symbol]                       0x08002328   Section        0  stm32f3xx_hal.o(.text.HAL_GetTick)
    [Anonymous Symbol]                       0x08002334   Section        0  stm32f3xx_hal.o(.text.HAL_IncTick)
    [Anonymous Symbol]                       0x08002350   Section        0  stm32f3xx_hal.o(.text.HAL_Init)
    [Anonymous Symbol]                       0x08002378   Section        0  stm32f3xx_hal.o(.text.HAL_InitTick)
    [Anonymous Symbol]                       0x080023c0   Section        0  stm32f3xx_hal_msp.o(.text.HAL_MspInit)
    [Anonymous Symbol]                       0x080023f4   Section        0  stm32f3xx_hal_cortex.o(.text.HAL_NVIC_EnableIRQ)
    [Anonymous Symbol]                       0x08002418   Section        0  stm32f3xx_hal_cortex.o(.text.HAL_NVIC_SetPriority)
    [Anonymous Symbol]                       0x08002470   Section        0  stm32f3xx_hal_cortex.o(.text.HAL_NVIC_SetPriorityGrouping)
    [Anonymous Symbol]                       0x08002490   Section        0  stm32f3xx_hal_rcc_ex.o(.text.HAL_RCCEx_PeriphCLKConfig)
    [Anonymous Symbol]                       0x080025bc   Section        0  stm32f3xx_hal_rcc.o(.text.HAL_RCC_ClockConfig)
    [Anonymous Symbol]                       0x08002760   Section        0  stm32f3xx_hal_rcc.o(.text.HAL_RCC_GetPCLK1Freq)
    [Anonymous Symbol]                       0x08002788   Section        0  stm32f3xx_hal_rcc.o(.text.HAL_RCC_GetSysClockFreq)
    [Anonymous Symbol]                       0x080027e0   Section        0  stm32f3xx_hal_rcc.o(.text.HAL_RCC_OscConfig)
    [Anonymous Symbol]                       0x08002b88   Section        0  stm32f3xx_hal_spi.o(.text.HAL_SPI_Init)
    [Anonymous Symbol]                       0x08002c64   Section        0  stm32f3xx_hal_msp.o(.text.HAL_SPI_MspInit)
    [Anonymous Symbol]                       0x08002cd0   Section        0  stm32f3xx_hal_spi.o(.text.HAL_SPI_Transmit)
    [Anonymous Symbol]                       0x08002f38   Section        0  stm32f3xx_hal_cortex.o(.text.HAL_SYSTICK_Config)
    [Anonymous Symbol]                       0x08002f64   Section        0  stm32f3xx_hal_tim_ex.o(.text.HAL_TIMEx_MasterConfigSynchronization)
    [Anonymous Symbol]                       0x08002fec   Section        0  stm32f3xx_hal_tim.o(.text.HAL_TIM_IC_ConfigChannel)
    [Anonymous Symbol]                       0x08003174   Section        0  stm32f3xx_hal_tim.o(.text.HAL_TIM_IC_Init)
    [Anonymous Symbol]                       0x0800328c   Section        0  stm32f3xx_hal_msp.o(.text.HAL_TIM_IC_MspInit)
    [Anonymous Symbol]                       0x080032f4   Section        0  stm32f3xx_hal_uart.o(.text.HAL_UARTEx_RxEventCallback)
    [Anonymous Symbol]                       0x080032f8   Section        0  stm32f3xx_hal_uart_ex.o(.text.HAL_UARTEx_WakeupCallback)
    [Anonymous Symbol]                       0x080032fc   Section        0  stm32f3xx_hal_uart.o(.text.HAL_UART_ErrorCallback)
    [Anonymous Symbol]                       0x08003300   Section        0  stm32f3xx_hal_uart.o(.text.HAL_UART_IRQHandler)
    [Anonymous Symbol]                       0x080038dc   Section        0  stm32f3xx_hal_uart.o(.text.HAL_UART_Init)
    [Anonymous Symbol]                       0x0800393c   Section        0  stm32f3xx_hal_msp.o(.text.HAL_UART_MspInit)
    [Anonymous Symbol]                       0x080039b4   Section        0  stm32f3xx_hal_uart.o(.text.HAL_UART_Transmit)
    [Anonymous Symbol]                       0x08003a74   Section        0  stm32f3xx_hal_uart.o(.text.HAL_UART_TxCpltCallback)
    [Anonymous Symbol]                       0x08003a78   Section        0  stm32f3xx_it.o(.text.HardFault_Handler)
    [Anonymous Symbol]                       0x08003a7c   Section        0  stm32f3xx_it.o(.text.MemManage_Handler)
    [Anonymous Symbol]                       0x08003a80   Section        0  stm32f3xx_it.o(.text.NMI_Handler)
    [Anonymous Symbol]                       0x08003a84   Section        0  stm32f3xx_it.o(.text.PendSV_Handler)
    [Anonymous Symbol]                       0x08003a88   Section        0  scheduler.o(.text.SCH_Add_Task)
    [Anonymous Symbol]                       0x08003b6c   Section        0  scheduler.o(.text.SCH_Dispatch_Tasks)
    [Anonymous Symbol]                       0x08003c28   Section        0  scheduler.o(.text.SCH_Init)
    [Anonymous Symbol]                       0x08003c40   Section        0  scheduler.o(.text.SCH_Update)
    SPI_WaitFifoStateUntilTimeout            0x08003c81   Thumb Code   382  stm32f3xx_hal_spi.o(.text.SPI_WaitFifoStateUntilTimeout)
    [Anonymous Symbol]                       0x08003c80   Section        0  stm32f3xx_hal_spi.o(.text.SPI_WaitFifoStateUntilTimeout)
    SPI_WaitFlagStateUntilTimeout            0x08003e01   Thumb Code   206  stm32f3xx_hal_spi.o(.text.SPI_WaitFlagStateUntilTimeout)
    [Anonymous Symbol]                       0x08003e00   Section        0  stm32f3xx_hal_spi.o(.text.SPI_WaitFlagStateUntilTimeout)
    [Anonymous Symbol]                       0x08003ed0   Section        0  st7735.o(.text.ST7735_Backlight_On)
    [Anonymous Symbol]                       0x08003ee4   Section        0  st7735.o(.text.ST7735_DrawString)
    ST7735_ExecuteCommandList                0x0800413d   Thumb Code   146  st7735.o(.text.ST7735_ExecuteCommandList)
    [Anonymous Symbol]                       0x0800413c   Section        0  st7735.o(.text.ST7735_ExecuteCommandList)
    [Anonymous Symbol]                       0x080041d0   Section        0  st7735.o(.text.ST7735_FillRectangle)
    [Anonymous Symbol]                       0x0800429c   Section        0  st7735.o(.text.ST7735_FillScreen)
    [Anonymous Symbol]                       0x080042d4   Section        0  st7735.o(.text.ST7735_Init)
    ST7735_SetAddressWindow                  0x08004339   Thumb Code   266  st7735.o(.text.ST7735_SetAddressWindow)
    [Anonymous Symbol]                       0x08004338   Section        0  st7735.o(.text.ST7735_SetAddressWindow)
    [Anonymous Symbol]                       0x08004444   Section        0  stm32f3xx_it.o(.text.SVC_Handler)
    Send_Data_Esp32                          0x08004449   Thumb Code   112  main.o(.text.Send_Data_Esp32)
    [Anonymous Symbol]                       0x08004448   Section        0  main.o(.text.Send_Data_Esp32)
    [Anonymous Symbol]                       0x080044d4   Section        0  main.o(.text.SysTick_Handler)
    [Anonymous Symbol]                       0x080044e4   Section        0  system_stm32f3xx.o(.text.SystemInit)
    [Anonymous Symbol]                       0x080044f8   Section        0  stm32f3xx_hal_uart.o(.text.UART_AdvFeatureConfig)
    [Anonymous Symbol]                       0x080045e4   Section        0  stm32f3xx_hal_uart.o(.text.UART_CheckIdleState)
    UART_DMAAbortOnError                     0x0800474d   Thumb Code    16  stm32f3xx_hal_uart.o(.text.UART_DMAAbortOnError)
    [Anonymous Symbol]                       0x0800474c   Section        0  stm32f3xx_hal_uart.o(.text.UART_DMAAbortOnError)
    [Anonymous Symbol]                       0x0800475c   Section        0  stm32f3xx_hal_uart.o(.text.UART_SetConfig)
    [Anonymous Symbol]                       0x080048b8   Section        0  stm32f3xx_hal_uart.o(.text.UART_WaitOnFlagUntilTimeout)
    [Anonymous Symbol]                       0x08004b84   Section        0  stm32f3xx_it.o(.text.USART1_IRQHandler)
    [Anonymous Symbol]                       0x08004b90   Section        0  stm32f3xx_it.o(.text.UsageFault_Handler)
    [Anonymous Symbol]                       0x08004b94   Section        0  main.o(.text.main)
    CL$$btod_d2e                             0x08004f2e   Section       62  btod.o(CL$$btod_d2e)
    CL$$btod_d2e_denorm_low                  0x08004f6c   Section       70  btod.o(CL$$btod_d2e_denorm_low)
    CL$$btod_d2e_norm_op1                    0x08004fb2   Section       96  btod.o(CL$$btod_d2e_norm_op1)
    CL$$btod_div_common                      0x08005014   Section      824  btod.o(CL$$btod_div_common)
    CL$$btod_e2e                             0x0800534c   Section      220  btod.o(CL$$btod_e2e)
    CL$$btod_ediv                            0x08005428   Section       42  btod.o(CL$$btod_ediv)
    CL$$btod_emul                            0x08005452   Section       42  btod.o(CL$$btod_emul)
    CL$$btod_mult_common                     0x0800547c   Section      580  btod.o(CL$$btod_mult_common)
    i.__ARM_fpclassify                       0x080056c0   Section        0  fpclassify.o(i.__ARM_fpclassify)
    i._is_digit                              0x080056f0   Section        0  __printf_wp.o(i._is_digit)
    locale$$code                             0x08005700   Section       44  lc_numeric_c.o(locale$$code)
    $v0                                      0x0800572c   Number         0  d2f.o(x$fpl$d2f)
    x$fpl$d2f                                0x0800572c   Section       98  d2f.o(x$fpl$d2f)
    $v0                                      0x08005790   Number         0  ddiv.o(x$fpl$ddiv)
    x$fpl$ddiv                               0x08005790   Section      692  ddiv.o(x$fpl$ddiv)
    ddiv_entry                               0x08005797   Thumb Code     0  ddiv.o(x$fpl$ddiv)
    $v0                                      0x08005a44   Number         0  dflt_clz.o(x$fpl$dflt)
    x$fpl$dflt                               0x08005a44   Section       46  dflt_clz.o(x$fpl$dflt)
    $v0                                      0x08005a74   Number         0  dmul.o(x$fpl$dmul)
    x$fpl$dmul                               0x08005a74   Section      340  dmul.o(x$fpl$dmul)
    $v0                                      0x08005bc8   Number         0  dnaninf.o(x$fpl$dnaninf)
    x$fpl$dnaninf                            0x08005bc8   Section      156  dnaninf.o(x$fpl$dnaninf)
    $v0                                      0x08005c64   Number         0  dretinf.o(x$fpl$dretinf)
    x$fpl$dretinf                            0x08005c64   Section       12  dretinf.o(x$fpl$dretinf)
    $v0                                      0x08005c70   Number         0  f2d.o(x$fpl$f2d)
    x$fpl$f2d                                0x08005c70   Section       86  f2d.o(x$fpl$f2d)
    $v0                                      0x08005cc6   Number         0  fnaninf.o(x$fpl$fnaninf)
    x$fpl$fnaninf                            0x08005cc6   Section      140  fnaninf.o(x$fpl$fnaninf)
    $v0                                      0x08005d52   Number         0  fpinit.o(x$fpl$fpinit)
    x$fpl$fpinit                             0x08005d52   Section       26  fpinit.o(x$fpl$fpinit)
    $v0                                      0x08005d6c   Number         0  fretinf.o(x$fpl$fretinf)
    x$fpl$fretinf                            0x08005d6c   Section       10  fretinf.o(x$fpl$fretinf)
    $v0                                      0x08005d76   Number         0  printf1.o(x$fpl$printf1)
    x$fpl$printf1                            0x08005d76   Section        4  printf1.o(x$fpl$printf1)
    maptable                                 0x08005d7a   Data          17  __printf_flags_wp.o(.constdata)
    .constdata                               0x08005d7a   Section       17  __printf_flags_wp.o(.constdata)
    x$fpl$usenofp                            0x08005d7a   Section        0  usenofp.o(x$fpl$usenofp)
    tenpwrs_x                                0x08005d8c   Data          60  bigflt0.o(.constdata)
    .constdata                               0x08005d8c   Section      148  bigflt0.o(.constdata)
    tenpwrs_i                                0x08005dc8   Data          64  bigflt0.o(.constdata)
    Font7x10                                 0x08005e38   Data        1900  fonts.o(.rodata.Font7x10)
    [Anonymous Symbol]                       0x08005e38   Section        0  fonts.o(.rodata.Font7x10)
    aPLLMULFactorTable                       0x080065a4   Data          16  stm32f3xx_hal_rcc.o(.rodata.cst16)
    [Anonymous Symbol]                       0x080065a4   Section        0  stm32f3xx_hal_rcc.o(.rodata.cst16)
    aPredivFactorTable                       0x080065b4   Data          16  stm32f3xx_hal_rcc.o(.rodata.cst16)
    init_cmds1                               0x080065c4   Data          59  st7735.o(.rodata.init_cmds1)
    [Anonymous Symbol]                       0x080065c4   Section        0  st7735.o(.rodata.init_cmds1)
    init_cmds2                               0x080065ff   Data          13  st7735.o(.rodata.init_cmds2)
    [Anonymous Symbol]                       0x080065ff   Section        0  st7735.o(.rodata.init_cmds2)
    init_cmds3                               0x0800660c   Data          43  st7735.o(.rodata.init_cmds3)
    [Anonymous Symbol]                       0x0800660c   Section        0  st7735.o(.rodata.init_cmds3)
    locale$$data                             0x08006658   Section       28  lc_numeric_c.o(locale$$data)
    __lcnum_c_name                           0x0800665c   Data           2  lc_numeric_c.o(locale$$data)
    __lcnum_c_start                          0x08006664   Data           0  lc_numeric_c.o(locale$$data)
    __lcnum_c_point                          0x08006670   Data           0  lc_numeric_c.o(locale$$data)
    __lcnum_c_thousands                      0x08006672   Data           0  lc_numeric_c.o(locale$$data)
    __lcnum_c_grouping                       0x08006673   Data           0  lc_numeric_c.o(locale$$data)
    __lcnum_c_end                            0x08006674   Data           0  lc_numeric_c.o(locale$$data)
    .L_MergedGlobals                         0x20000000   Data           8  stm32f3xx_hal.o(.data..L_MergedGlobals)
    [Anonymous Symbol]                       0x20000000   Section        0  stm32f3xx_hal.o(.data..L_MergedGlobals)
    .bss                                     0x20000018   Section       96  libspace.o(.bss)
    .L_MergedGlobals                         0x20000078   Data         116  main.o(.bss..L_MergedGlobals)
    [Anonymous Symbol]                       0x20000078   Section        0  main.o(.bss..L_MergedGlobals)
    .L_MergedGlobals                         0x200000ec   Data          16  scheduler.o(.bss..L_MergedGlobals)
    [Anonymous Symbol]                       0x200000ec   Section        0  scheduler.o(.bss..L_MergedGlobals)
    .L_MergedGlobals                         0x200000fc   Data           6  st7735.o(.bss..L_MergedGlobals)
    _width                                   0x200000fc   Data           1  st7735.o(.bss..L_MergedGlobals)
    [Anonymous Symbol]                       0x200000fc   Section        0  st7735.o(.bss..L_MergedGlobals)
    _height                                  0x200000fe   Data           1  st7735.o(.bss..L_MergedGlobals)
    _value_rotation                          0x200000ff   Data           1  st7735.o(.bss..L_MergedGlobals)
    _xstart                                  0x20000100   Data           1  st7735.o(.bss..L_MergedGlobals)
    _ystart                                  0x20000101   Data           1  st7735.o(.bss..L_MergedGlobals)
    HAL_RCC_ADC12_CLK_ENABLED                0x20000104   Data           4  stm32f3xx_hal_msp.o(.bss.HAL_RCC_ADC12_CLK_ENABLED)
    [Anonymous Symbol]                       0x20000104   Section        0  stm32f3xx_hal_msp.o(.bss.HAL_RCC_ADC12_CLK_ENABLED)
    Heap_Mem                                 0x20000298   Data         512  startup_stm32f303x8.o(HEAP)
    HEAP                                     0x20000298   Section      512  startup_stm32f303x8.o(HEAP)
    Stack_Mem                                0x20000498   Data        1024  startup_stm32f303x8.o(STACK)
    STACK                                    0x20000498   Section     1024  startup_stm32f303x8.o(STACK)
    __initial_sp                             0x20000898   Data           0  startup_stm32f303x8.o(STACK)

    Global Symbols

    Symbol Name                              Value     Ov Type        Size  Object(Section)

    BuildAttributes$$THM_ISAv4$E$P$D$K$B$S$7EM$VFPi3$EXTD16$VFPS$VFMA$PE$A:L22UL41UL21$X:L11$S22US41US21$IEEE1$IW$~IW$USESV6$~STKCKD$USESV7$~SHL$OTIME$ROPI$IEEEJ$EBA8$UX$STANDARDLIB$REQ8$PRES8$EABIv2 0x00000000   Number         0  anon$$obj.o ABSOLUTE
    _printf_flags                            0x00000000   Number         0  printf_stubs.o ABSOLUTE
    _printf_return_value                     0x00000000   Number         0  printf_stubs.o ABSOLUTE
    _printf_sizespec                         0x00000000   Number         0  printf_stubs.o ABSOLUTE
    _printf_widthprec                        0x00000000   Number         0  printf_stubs.o ABSOLUTE
    __ARM_exceptions_init                     - Undefined Weak Reference
    __alloca_initialize                       - Undefined Weak Reference
    __arm_preinit_                            - Undefined Weak Reference
    __arm_relocate_pie_                       - Undefined Weak Reference
    __cpp_initialize__aeabi_                  - Undefined Weak Reference
    __cxa_finalize                            - Undefined Weak Reference
    __sigvec_lookup                           - Undefined Weak Reference
    __user_heap_extent                        - Undefined Weak Reference
    _atexit_init                              - Undefined Weak Reference
    _call_atexit_fns                          - Undefined Weak Reference
    _clock_init                               - Undefined Weak Reference
    _fp_trap_init                             - Undefined Weak Reference
    _fp_trap_shutdown                         - Undefined Weak Reference
    _get_lc_collate                           - Undefined Weak Reference
    _get_lc_ctype                             - Undefined Weak Reference
    _get_lc_monetary                          - Undefined Weak Reference
    _get_lc_time                              - Undefined Weak Reference
    _getenv_init                              - Undefined Weak Reference
    _handle_redirection                       - Undefined Weak Reference
    _initio                                   - Undefined Weak Reference
    _mutex_acquire                            - Undefined Weak Reference
    _mutex_free                               - Undefined Weak Reference
    _mutex_release                            - Undefined Weak Reference
    _printf_post_padding                      - Undefined Weak Reference
    _printf_pre_padding                       - Undefined Weak Reference
    _printf_truncate_signed                   - Undefined Weak Reference
    _printf_truncate_unsigned                 - Undefined Weak Reference
    _rand_init                                - Undefined Weak Reference
    _signal_finish                            - Undefined Weak Reference
    _signal_init                              - Undefined Weak Reference
    _terminateio                              - Undefined Weak Reference
    __Vectors_Size                           0x00000188   Number         0  startup_stm32f303x8.o ABSOLUTE
    __Vectors                                0x08000000   Data           4  startup_stm32f303x8.o(RESET)
    __Vectors_End                            0x08000188   Data           0  startup_stm32f303x8.o(RESET)
    __main                                   0x08000189   Thumb Code     8  __main.o(!!!main)
    __scatterload                            0x08000191   Thumb Code     0  __scatter.o(!!!scatter)
    __scatterload_rt2                        0x08000191   Thumb Code    84  __scatter.o(!!!scatter)
    __scatterload_rt2_thumb_only             0x08000191   Thumb Code     0  __scatter.o(!!!scatter)
    __scatterload_loop                       0x0800019b   Thumb Code     0  __scatter.o(!!!scatter)
    __scatterload_copy                       0x080001ed   Thumb Code    26  __scatter_copy.o(!!handler_copy)
    __scatterload_null                       0x08000209   Thumb Code     2  __scatter.o(!!handler_null)
    __scatterload_zeroinit                   0x0800020d   Thumb Code    28  __scatter_zi.o(!!handler_zi)
    _printf_f                                0x08000229   Thumb Code     0  _printf_f.o(.ARM.Collect$$_printf_percent$$00000003)
    _printf_percent                          0x08000229   Thumb Code     0  _printf_percent.o(.ARM.Collect$$_printf_percent$$00000000)
    _printf_d                                0x0800022f   Thumb Code     0  _printf_d.o(.ARM.Collect$$_printf_percent$$00000009)
    _printf_percent_end                      0x08000235   Thumb Code     0  _printf_percent_end.o(.ARM.Collect$$_printf_percent$$00000017)
    __rt_lib_init                            0x08000239   Thumb Code     0  libinit.o(.ARM.Collect$$libinit$$00000000)
    __rt_lib_init_fp_1                       0x0800023b   Thumb Code     0  libinit2.o(.ARM.Collect$$libinit$$00000001)
    __rt_lib_init_heap_2                     0x0800023f   Thumb Code     0  libinit2.o(.ARM.Collect$$libinit$$00000007)
    __rt_lib_init_preinit_1                  0x0800023f   Thumb Code     0  libinit2.o(.ARM.Collect$$libinit$$00000006)
    __rt_lib_init_relocate_pie_1             0x0800023f   Thumb Code     0  libinit2.o(.ARM.Collect$$libinit$$00000004)
    __rt_lib_init_heap_1                     0x08000247   Thumb Code     0  libinit2.o(.ARM.Collect$$libinit$$0000000C)
    __rt_lib_init_lc_common                  0x08000247   Thumb Code     0  libinit2.o(.ARM.Collect$$libinit$$00000011)
    __rt_lib_init_rand_1                     0x08000247   Thumb Code     0  libinit2.o(.ARM.Collect$$libinit$$00000010)
    __rt_lib_init_user_alloc_1               0x08000247   Thumb Code     0  libinit2.o(.ARM.Collect$$libinit$$0000000E)
    __rt_lib_init_lc_collate_1               0x0800024d   Thumb Code     0  libinit2.o(.ARM.Collect$$libinit$$00000013)
    __rt_lib_init_lc_ctype_1                 0x0800024d   Thumb Code     0  libinit2.o(.ARM.Collect$$libinit$$00000015)
    __rt_lib_init_lc_monetary_1              0x0800024d   Thumb Code     0  libinit2.o(.ARM.Collect$$libinit$$00000017)
    __rt_lib_init_lc_numeric_2               0x0800024d   Thumb Code     0  libinit2.o(.ARM.Collect$$libinit$$00000018)
    __rt_lib_init_alloca_1                   0x08000257   Thumb Code     0  libinit2.o(.ARM.Collect$$libinit$$00000030)
    __rt_lib_init_argv_1                     0x08000257   Thumb Code     0  libinit2.o(.ARM.Collect$$libinit$$0000002E)
    __rt_lib_init_atexit_1                   0x08000257   Thumb Code     0  libinit2.o(.ARM.Collect$$libinit$$0000001D)
    __rt_lib_init_clock_1                    0x08000257   Thumb Code     0  libinit2.o(.ARM.Collect$$libinit$$00000023)
    __rt_lib_init_cpp_1                      0x08000257   Thumb Code     0  libinit2.o(.ARM.Collect$$libinit$$00000034)
    __rt_lib_init_exceptions_1               0x08000257   Thumb Code     0  libinit2.o(.ARM.Collect$$libinit$$00000032)
    __rt_lib_init_fp_trap_1                  0x08000257   Thumb Code     0  libinit2.o(.ARM.Collect$$libinit$$00000021)
    __rt_lib_init_getenv_1                   0x08000257   Thumb Code     0  libinit2.o(.ARM.Collect$$libinit$$00000025)
    __rt_lib_init_lc_numeric_1               0x08000257   Thumb Code     0  libinit2.o(.ARM.Collect$$libinit$$00000019)
    __rt_lib_init_lc_time_1                  0x08000257   Thumb Code     0  libinit2.o(.ARM.Collect$$libinit$$0000001B)
    __rt_lib_init_return                     0x08000257   Thumb Code     0  libinit2.o(.ARM.Collect$$libinit$$00000035)
    __rt_lib_init_signal_1                   0x08000257   Thumb Code     0  libinit2.o(.ARM.Collect$$libinit$$0000001F)
    __rt_lib_init_stdio_1                    0x08000257   Thumb Code     0  libinit2.o(.ARM.Collect$$libinit$$00000027)
    __rt_lib_shutdown                        0x08000259   Thumb Code     0  libshutdown.o(.ARM.Collect$$libshutdown$$00000000)
    __rt_lib_shutdown_cpp_1                  0x0800025b   Thumb Code     0  libshutdown2.o(.ARM.Collect$$libshutdown$$00000002)
    __rt_lib_shutdown_fp_trap_1              0x0800025b   Thumb Code     0  libshutdown2.o(.ARM.Collect$$libshutdown$$00000007)
    __rt_lib_shutdown_heap_1                 0x0800025b   Thumb Code     0  libshutdown2.o(.ARM.Collect$$libshutdown$$0000000F)
    __rt_lib_shutdown_return                 0x0800025b   Thumb Code     0  libshutdown2.o(.ARM.Collect$$libshutdown$$00000010)
    __rt_lib_shutdown_signal_1               0x0800025b   Thumb Code     0  libshutdown2.o(.ARM.Collect$$libshutdown$$0000000A)
    __rt_lib_shutdown_stdio_1                0x0800025b   Thumb Code     0  libshutdown2.o(.ARM.Collect$$libshutdown$$00000004)
    __rt_lib_shutdown_user_alloc_1           0x0800025b   Thumb Code     0  libshutdown2.o(.ARM.Collect$$libshutdown$$0000000C)
    __rt_entry                               0x0800025d   Thumb Code     0  __rtentry.o(.ARM.Collect$$rtentry$$00000000)
    __rt_entry_presh_1                       0x0800025d   Thumb Code     0  __rtentry2.o(.ARM.Collect$$rtentry$$00000002)
    __rt_entry_sh                            0x0800025d   Thumb Code     0  __rtentry4.o(.ARM.Collect$$rtentry$$00000004)
    __rt_entry_li                            0x08000263   Thumb Code     0  __rtentry2.o(.ARM.Collect$$rtentry$$0000000A)
    __rt_entry_postsh_1                      0x08000263   Thumb Code     0  __rtentry2.o(.ARM.Collect$$rtentry$$00000009)
    __rt_entry_main                          0x08000267   Thumb Code     0  __rtentry2.o(.ARM.Collect$$rtentry$$0000000D)
    __rt_entry_postli_1                      0x08000267   Thumb Code     0  __rtentry2.o(.ARM.Collect$$rtentry$$0000000C)
    __rt_exit                                0x0800026f   Thumb Code     0  rtexit.o(.ARM.Collect$$rtexit$$00000000)
    __rt_exit_ls                             0x08000271   Thumb Code     0  rtexit2.o(.ARM.Collect$$rtexit$$00000003)
    __rt_exit_prels_1                        0x08000271   Thumb Code     0  rtexit2.o(.ARM.Collect$$rtexit$$00000002)
    __rt_exit_exit                           0x08000275   Thumb Code     0  rtexit2.o(.ARM.Collect$$rtexit$$00000004)
    Reset_Handler                            0x0800027d   Thumb Code     8  startup_stm32f303x8.o(.text)
    ADC1_2_IRQHandler                        0x08000297   Thumb Code     0  startup_stm32f303x8.o(.text)
    CAN_RX0_IRQHandler                       0x08000297   Thumb Code     0  startup_stm32f303x8.o(.text)
    CAN_RX1_IRQHandler                       0x08000297   Thumb Code     0  startup_stm32f303x8.o(.text)
    CAN_SCE_IRQHandler                       0x08000297   Thumb Code     0  startup_stm32f303x8.o(.text)
    CAN_TX_IRQHandler                        0x08000297   Thumb Code     0  startup_stm32f303x8.o(.text)
    COMP2_IRQHandler                         0x08000297   Thumb Code     0  startup_stm32f303x8.o(.text)
    COMP4_6_IRQHandler                       0x08000297   Thumb Code     0  startup_stm32f303x8.o(.text)
    DMA1_Channel1_IRQHandler                 0x08000297   Thumb Code     0  startup_stm32f303x8.o(.text)
    DMA1_Channel2_IRQHandler                 0x08000297   Thumb Code     0  startup_stm32f303x8.o(.text)
    DMA1_Channel3_IRQHandler                 0x08000297   Thumb Code     0  startup_stm32f303x8.o(.text)
    DMA1_Channel4_IRQHandler                 0x08000297   Thumb Code     0  startup_stm32f303x8.o(.text)
    DMA1_Channel5_IRQHandler                 0x08000297   Thumb Code     0  startup_stm32f303x8.o(.text)
    DMA1_Channel6_IRQHandler                 0x08000297   Thumb Code     0  startup_stm32f303x8.o(.text)
    DMA1_Channel7_IRQHandler                 0x08000297   Thumb Code     0  startup_stm32f303x8.o(.text)
    EXTI0_IRQHandler                         0x08000297   Thumb Code     0  startup_stm32f303x8.o(.text)
    EXTI15_10_IRQHandler                     0x08000297   Thumb Code     0  startup_stm32f303x8.o(.text)
    EXTI1_IRQHandler                         0x08000297   Thumb Code     0  startup_stm32f303x8.o(.text)
    EXTI2_TSC_IRQHandler                     0x08000297   Thumb Code     0  startup_stm32f303x8.o(.text)
    EXTI3_IRQHandler                         0x08000297   Thumb Code     0  startup_stm32f303x8.o(.text)
    EXTI4_IRQHandler                         0x08000297   Thumb Code     0  startup_stm32f303x8.o(.text)
    EXTI9_5_IRQHandler                       0x08000297   Thumb Code     0  startup_stm32f303x8.o(.text)
    FLASH_IRQHandler                         0x08000297   Thumb Code     0  startup_stm32f303x8.o(.text)
    FPU_IRQHandler                           0x08000297   Thumb Code     0  startup_stm32f303x8.o(.text)
    I2C1_ER_IRQHandler                       0x08000297   Thumb Code     0  startup_stm32f303x8.o(.text)
    I2C1_EV_IRQHandler                       0x08000297   Thumb Code     0  startup_stm32f303x8.o(.text)
    PVD_IRQHandler                           0x08000297   Thumb Code     0  startup_stm32f303x8.o(.text)
    RCC_IRQHandler                           0x08000297   Thumb Code     0  startup_stm32f303x8.o(.text)
    RTC_Alarm_IRQHandler                     0x08000297   Thumb Code     0  startup_stm32f303x8.o(.text)
    RTC_WKUP_IRQHandler                      0x08000297   Thumb Code     0  startup_stm32f303x8.o(.text)
    SPI1_IRQHandler                          0x08000297   Thumb Code     0  startup_stm32f303x8.o(.text)
    TAMP_STAMP_IRQHandler                    0x08000297   Thumb Code     0  startup_stm32f303x8.o(.text)
    TIM1_BRK_TIM15_IRQHandler                0x08000297   Thumb Code     0  startup_stm32f303x8.o(.text)
    TIM1_CC_IRQHandler                       0x08000297   Thumb Code     0  startup_stm32f303x8.o(.text)
    TIM1_TRG_COM_TIM17_IRQHandler            0x08000297   Thumb Code     0  startup_stm32f303x8.o(.text)
    TIM1_UP_TIM16_IRQHandler                 0x08000297   Thumb Code     0  startup_stm32f303x8.o(.text)
    TIM2_IRQHandler                          0x08000297   Thumb Code     0  startup_stm32f303x8.o(.text)
    TIM3_IRQHandler                          0x08000297   Thumb Code     0  startup_stm32f303x8.o(.text)
    TIM6_DAC1_IRQHandler                     0x08000297   Thumb Code     0  startup_stm32f303x8.o(.text)
    TIM7_DAC2_IRQHandler                     0x08000297   Thumb Code     0  startup_stm32f303x8.o(.text)
    USART2_IRQHandler                        0x08000297   Thumb Code     0  startup_stm32f303x8.o(.text)
    USART3_IRQHandler                        0x08000297   Thumb Code     0  startup_stm32f303x8.o(.text)
    WWDG_IRQHandler                          0x08000297   Thumb Code     0  startup_stm32f303x8.o(.text)
    __user_initial_stackheap                 0x08000299   Thumb Code     0  startup_stm32f303x8.o(.text)
    malloc                                   0x080002bd   Thumb Code    94  h1_alloc.o(.text)
    free                                     0x0800031b   Thumb Code    78  h1_free.o(.text)
    __aeabi_ldivmod                          0x08000369   Thumb Code     0  llsdiv.o(.text)
    _ll_sdiv                                 0x08000369   Thumb Code   116  llsdiv.o(.text)
    __2sprintf                               0x080003dd   Thumb Code    34  noretval__2sprintf.o(.text)
    _printf_int_dec                          0x08000405   Thumb Code   104  _printf_dec.o(.text)
    __printf                                 0x0800047d   Thumb Code   308  __printf_flags_wp.o(.text)
    __use_two_region_memory                  0x080005b5   Thumb Code     2  heapauxi.o(.text)
    __rt_heap_escrow                         0x080005b7   Thumb Code     2  heapauxi.o(.text)
    __rt_heap_expand                         0x080005b9   Thumb Code     2  heapauxi.o(.text)
    __rt_heap_descriptor                     0x080005bd   Thumb Code     8  rt_heap_descriptor_intlibspace.o(.text)
    __use_no_heap                            0x080005c5   Thumb Code     2  hguard.o(.text)
    __heap$guard                             0x080005c7   Thumb Code     2  hguard.o(.text)
    _terminate_user_alloc                    0x080005c9   Thumb Code     2  init_alloc.o(.text)
    _init_user_alloc                         0x080005cb   Thumb Code     2  init_alloc.o(.text)
    __Heap_Full                              0x080005cd   Thumb Code    34  init_alloc.o(.text)
    __Heap_Broken                            0x080005ef   Thumb Code     6  init_alloc.o(.text)
    _init_alloc                              0x080005f5   Thumb Code    94  init_alloc.o(.text)
    __Heap_Initialize                        0x08000653   Thumb Code     8  h1_init.o(.text)
    __Heap_DescSize                          0x0800065b   Thumb Code     4  h1_init.o(.text)
    __aeabi_uldivmod                         0x0800065f   Thumb Code     0  lludivv7m.o(.text)
    _ll_udiv                                 0x0800065f   Thumb Code   240  lludivv7m.o(.text)
    _printf_int_common                       0x0800074f   Thumb Code   178  _printf_intcommon.o(.text)
    _printf_fp_dec_real                      0x080009b1   Thumb Code   620  _printf_fp_dec.o(.text)
    _printf_char_common                      0x08000c27   Thumb Code    32  _printf_char_common.o(.text)
    _sputc                                   0x08000c4d   Thumb Code    10  _sputc.o(.text)
    __user_libspace                          0x08000c59   Thumb Code     8  libspace.o(.text)
    __user_perproc_libspace                  0x08000c59   Thumb Code     0  libspace.o(.text)
    __user_perthread_libspace                0x08000c59   Thumb Code     0  libspace.o(.text)
    __rt_locale                              0x08000c61   Thumb Code     8  rt_locale_intlibspace.o(.text)
    __Heap_ProvideMemory                     0x08000c69   Thumb Code    52  h1_extend.o(.text)
    _maybe_terminate_alloc                   0x08000c69   Thumb Code     0  maybetermalloc1.o(.text)
    _ll_udiv10                               0x08000c9d   Thumb Code   138  lludiv10.o(.text)
    _printf_fp_infnan                        0x08000d29   Thumb Code   112  _printf_fp_infnan.o(.text)
    _btod_etento                             0x08000da9   Thumb Code   224  bigflt0.o(.text)
    __rt_SIGRTMEM                            0x08000e8d   Thumb Code    14  defsig_rtmem_outer.o(.text)
    __I$use$semihosting                      0x08000e9b   Thumb Code     0  use_no_semi.o(.text)
    __use_no_semihosting_swi                 0x08000e9b   Thumb Code     2  use_no_semi.o(.text)
    __semihosting_library_function           0x08000e9d   Thumb Code     0  indicate_semi.o(.text)
    __user_setup_stackheap                   0x08000e9d   Thumb Code    74  sys_stackheap_outer.o(.text)
    exit                                     0x08000ee7   Thumb Code    18  exit.o(.text)
    __sig_exit                               0x08000ef9   Thumb Code    10  defsig_exit.o(.text)
    __rt_SIGRTMEM_inner                      0x08000f05   Thumb Code    22  defsig_rtmem_inner.o(.text)
    strcmp                                   0x08000f59   Thumb Code   124  strcmpv7em.o(.text)
    _sys_exit                                0x08000fd5   Thumb Code     8  sys_exit.o(.text)
    __default_signal_display                 0x08000fe1   Thumb Code    50  defsig_general.o(.text)
    _ttywrch                                 0x08001013   Thumb Code    14  sys_wrch.o(.text)
    BusFault_Handler                         0x080010fd   Thumb Code     2  stm32f3xx_it.o(.text.BusFault_Handler)
    DebugMon_Handler                         0x08001101   Thumb Code     2  stm32f3xx_it.o(.text.DebugMon_Handler)
    HAL_ADCEx_MultiModeConfigChannel         0x080016a5   Thumb Code   240  stm32f3xx_hal_adc_ex.o(.text.HAL_ADCEx_MultiModeConfigChannel)
    HAL_ADC_ConfigChannel                    0x08001795   Thumb Code   944  stm32f3xx_hal_adc_ex.o(.text.HAL_ADC_ConfigChannel)
    HAL_ADC_GetValue                         0x08001b45   Thumb Code     6  stm32f3xx_hal_adc_ex.o(.text.HAL_ADC_GetValue)
    HAL_ADC_Init                             0x08001b4d   Thumb Code   682  stm32f3xx_hal_adc_ex.o(.text.HAL_ADC_Init)
    HAL_ADC_MspInit                          0x08001df9   Thumb Code   190  stm32f3xx_hal_msp.o(.text.HAL_ADC_MspInit)
    HAL_ADC_Start                            0x08001eb9   Thumb Code   302  stm32f3xx_hal_adc_ex.o(.text.HAL_ADC_Start)
    HAL_ADC_Stop                             0x08001fe9   Thumb Code   174  stm32f3xx_hal_adc_ex.o(.text.HAL_ADC_Stop)
    HAL_DMA_Abort                            0x08002099   Thumb Code    70  stm32f3xx_hal_dma.o(.text.HAL_DMA_Abort)
    HAL_DMA_Abort_IT                         0x080020e1   Thumb Code    72  stm32f3xx_hal_dma.o(.text.HAL_DMA_Abort_IT)
    HAL_Delay                                0x08002129   Thumb Code    40  stm32f3xx_hal.o(.text.HAL_Delay)
    HAL_GPIO_Init                            0x08002151   Thumb Code   442  stm32f3xx_hal_gpio.o(.text.HAL_GPIO_Init)
    HAL_GPIO_TogglePin                       0x0800230d   Thumb Code    16  stm32f3xx_hal_gpio.o(.text.HAL_GPIO_TogglePin)
    HAL_GPIO_WritePin                        0x0800231d   Thumb Code    12  stm32f3xx_hal_gpio.o(.text.HAL_GPIO_WritePin)
    HAL_GetTick                              0x08002329   Thumb Code    12  stm32f3xx_hal.o(.text.HAL_GetTick)
    HAL_IncTick                              0x08002335   Thumb Code    26  stm32f3xx_hal.o(.text.HAL_IncTick)
    HAL_Init                                 0x08002351   Thumb Code    38  stm32f3xx_hal.o(.text.HAL_Init)
    HAL_InitTick                             0x08002379   Thumb Code    72  stm32f3xx_hal.o(.text.HAL_InitTick)
    HAL_MspInit                              0x080023c1   Thumb Code    50  stm32f3xx_hal_msp.o(.text.HAL_MspInit)
    HAL_NVIC_EnableIRQ                       0x080023f5   Thumb Code    34  stm32f3xx_hal_cortex.o(.text.HAL_NVIC_EnableIRQ)
    HAL_NVIC_SetPriority                     0x08002419   Thumb Code    86  stm32f3xx_hal_cortex.o(.text.HAL_NVIC_SetPriority)
    HAL_NVIC_SetPriorityGrouping             0x08002471   Thumb Code    32  stm32f3xx_hal_cortex.o(.text.HAL_NVIC_SetPriorityGrouping)
    HAL_RCCEx_PeriphCLKConfig                0x08002491   Thumb Code   298  stm32f3xx_hal_rcc_ex.o(.text.HAL_RCCEx_PeriphCLKConfig)
    HAL_RCC_ClockConfig                      0x080025bd   Thumb Code   418  stm32f3xx_hal_rcc.o(.text.HAL_RCC_ClockConfig)
    HAL_RCC_GetPCLK1Freq                     0x08002761   Thumb Code    38  stm32f3xx_hal_rcc.o(.text.HAL_RCC_GetPCLK1Freq)
    HAL_RCC_GetSysClockFreq                  0x08002789   Thumb Code    86  stm32f3xx_hal_rcc.o(.text.HAL_RCC_GetSysClockFreq)
    HAL_RCC_OscConfig                        0x080027e1   Thumb Code   936  stm32f3xx_hal_rcc.o(.text.HAL_RCC_OscConfig)
    HAL_SPI_Init                             0x08002b89   Thumb Code   220  stm32f3xx_hal_spi.o(.text.HAL_SPI_Init)
    HAL_SPI_MspInit                          0x08002c65   Thumb Code   106  stm32f3xx_hal_msp.o(.text.HAL_SPI_MspInit)
    HAL_SPI_Transmit                         0x08002cd1   Thumb Code   616  stm32f3xx_hal_spi.o(.text.HAL_SPI_Transmit)
    HAL_SYSTICK_Config                       0x08002f39   Thumb Code    44  stm32f3xx_hal_cortex.o(.text.HAL_SYSTICK_Config)
    HAL_TIMEx_MasterConfigSynchronization    0x08002f65   Thumb Code   134  stm32f3xx_hal_tim_ex.o(.text.HAL_TIMEx_MasterConfigSynchronization)
    HAL_TIM_IC_ConfigChannel                 0x08002fed   Thumb Code   390  stm32f3xx_hal_tim.o(.text.HAL_TIM_IC_ConfigChannel)
    HAL_TIM_IC_Init                          0x08003175   Thumb Code   280  stm32f3xx_hal_tim.o(.text.HAL_TIM_IC_Init)
    HAL_TIM_IC_MspInit                       0x0800328d   Thumb Code   102  stm32f3xx_hal_msp.o(.text.HAL_TIM_IC_MspInit)
    HAL_UARTEx_RxEventCallback               0x080032f5   Thumb Code     2  stm32f3xx_hal_uart.o(.text.HAL_UARTEx_RxEventCallback)
    HAL_UARTEx_WakeupCallback                0x080032f9   Thumb Code     2  stm32f3xx_hal_uart_ex.o(.text.HAL_UARTEx_WakeupCallback)
    HAL_UART_ErrorCallback                   0x080032fd   Thumb Code     2  stm32f3xx_hal_uart.o(.text.HAL_UART_ErrorCallback)
    HAL_UART_IRQHandler                      0x08003301   Thumb Code  1498  stm32f3xx_hal_uart.o(.text.HAL_UART_IRQHandler)
    HAL_UART_Init                            0x080038dd   Thumb Code    94  stm32f3xx_hal_uart.o(.text.HAL_UART_Init)
    HAL_UART_MspInit                         0x0800393d   Thumb Code   120  stm32f3xx_hal_msp.o(.text.HAL_UART_MspInit)
    HAL_UART_Transmit                        0x080039b5   Thumb Code   192  stm32f3xx_hal_uart.o(.text.HAL_UART_Transmit)
    HAL_UART_TxCpltCallback                  0x08003a75   Thumb Code     2  stm32f3xx_hal_uart.o(.text.HAL_UART_TxCpltCallback)
    HardFault_Handler                        0x08003a79   Thumb Code     2  stm32f3xx_it.o(.text.HardFault_Handler)
    MemManage_Handler                        0x08003a7d   Thumb Code     2  stm32f3xx_it.o(.text.MemManage_Handler)
    NMI_Handler                              0x08003a81   Thumb Code     2  stm32f3xx_it.o(.text.NMI_Handler)
    PendSV_Handler                           0x08003a85   Thumb Code     2  stm32f3xx_it.o(.text.PendSV_Handler)
    SCH_Add_Task                             0x08003a89   Thumb Code   226  scheduler.o(.text.SCH_Add_Task)
    SCH_Dispatch_Tasks                       0x08003b6d   Thumb Code   188  scheduler.o(.text.SCH_Dispatch_Tasks)
    SCH_Init                                 0x08003c29   Thumb Code    24  scheduler.o(.text.SCH_Init)
    SCH_Update                               0x08003c41   Thumb Code    62  scheduler.o(.text.SCH_Update)
    ST7735_Backlight_On                      0x08003ed1   Thumb Code    18  st7735.o(.text.ST7735_Backlight_On)
    ST7735_DrawString                        0x08003ee5   Thumb Code   598  st7735.o(.text.ST7735_DrawString)
    ST7735_FillRectangle                     0x080041d1   Thumb Code   202  st7735.o(.text.ST7735_FillRectangle)
    ST7735_FillScreen                        0x0800429d   Thumb Code    54  st7735.o(.text.ST7735_FillScreen)
    ST7735_Init                              0x080042d5   Thumb Code   100  st7735.o(.text.ST7735_Init)
    SVC_Handler                              0x08004445   Thumb Code     2  stm32f3xx_it.o(.text.SVC_Handler)
    SysTick_Handler                          0x080044d5   Thumb Code    14  main.o(.text.SysTick_Handler)
    SystemInit                               0x080044e5   Thumb Code    18  system_stm32f3xx.o(.text.SystemInit)
    UART_AdvFeatureConfig                    0x080044f9   Thumb Code   234  stm32f3xx_hal_uart.o(.text.UART_AdvFeatureConfig)
    UART_CheckIdleState                      0x080045e5   Thumb Code   360  stm32f3xx_hal_uart.o(.text.UART_CheckIdleState)
    UART_SetConfig                           0x0800475d   Thumb Code   332  stm32f3xx_hal_uart.o(.text.UART_SetConfig)
    UART_WaitOnFlagUntilTimeout              0x080048b9   Thumb Code   714  stm32f3xx_hal_uart.o(.text.UART_WaitOnFlagUntilTimeout)
    USART1_IRQHandler                        0x08004b85   Thumb Code    12  stm32f3xx_it.o(.text.USART1_IRQHandler)
    UsageFault_Handler                       0x08004b91   Thumb Code     2  stm32f3xx_it.o(.text.UsageFault_Handler)
    main                                     0x08004b95   Thumb Code   922  main.o(.text.main)
    _btod_d2e                                0x08004f2f   Thumb Code    62  btod.o(CL$$btod_d2e)
    _d2e_denorm_low                          0x08004f6d   Thumb Code    70  btod.o(CL$$btod_d2e_denorm_low)
    _d2e_norm_op1                            0x08004fb3   Thumb Code    96  btod.o(CL$$btod_d2e_norm_op1)
    __btod_div_common                        0x08005015   Thumb Code   696  btod.o(CL$$btod_div_common)
    _e2e                                     0x0800534d   Thumb Code   220  btod.o(CL$$btod_e2e)
    _btod_ediv                               0x08005429   Thumb Code    42  btod.o(CL$$btod_ediv)
    _btod_emul                               0x08005453   Thumb Code    42  btod.o(CL$$btod_emul)
    __btod_mult_common                       0x0800547d   Thumb Code   580  btod.o(CL$$btod_mult_common)
    __ARM_fpclassify                         0x080056c1   Thumb Code    48  fpclassify.o(i.__ARM_fpclassify)
    _is_digit                                0x080056f1   Thumb Code    14  __printf_wp.o(i._is_digit)
    _get_lc_numeric                          0x08005701   Thumb Code    44  lc_numeric_c.o(locale$$code)
    __aeabi_d2f                              0x0800572d   Thumb Code     0  d2f.o(x$fpl$d2f)
    _d2f                                     0x0800572d   Thumb Code    98  d2f.o(x$fpl$d2f)
    __aeabi_ddiv                             0x08005791   Thumb Code     0  ddiv.o(x$fpl$ddiv)
    _ddiv                                    0x08005791   Thumb Code   556  ddiv.o(x$fpl$ddiv)
    __aeabi_i2d                              0x08005a45   Thumb Code     0  dflt_clz.o(x$fpl$dflt)
    _dflt                                    0x08005a45   Thumb Code    46  dflt_clz.o(x$fpl$dflt)
    __aeabi_dmul                             0x08005a75   Thumb Code     0  dmul.o(x$fpl$dmul)
    _dmul                                    0x08005a75   Thumb Code   332  dmul.o(x$fpl$dmul)
    __fpl_dnaninf                            0x08005bc9   Thumb Code   156  dnaninf.o(x$fpl$dnaninf)
    __fpl_dretinf                            0x08005c65   Thumb Code    12  dretinf.o(x$fpl$dretinf)
    __aeabi_f2d                              0x08005c71   Thumb Code     0  f2d.o(x$fpl$f2d)
    _f2d                                     0x08005c71   Thumb Code    86  f2d.o(x$fpl$f2d)
    __fpl_fnaninf                            0x08005cc7   Thumb Code   140  fnaninf.o(x$fpl$fnaninf)
    _fp_init                                 0x08005d53   Thumb Code    26  fpinit.o(x$fpl$fpinit)
    __fplib_config_fpu_vfp                   0x08005d6b   Thumb Code     0  fpinit.o(x$fpl$fpinit)
    __fplib_config_pureend_doubles           0x08005d6b   Thumb Code     0  fpinit.o(x$fpl$fpinit)
    __fpl_fretinf                            0x08005d6d   Thumb Code    10  fretinf.o(x$fpl$fretinf)
    _printf_fp_dec                           0x08005d77   Thumb Code     4  printf1.o(x$fpl$printf1)
    __I$use$fp                               0x08005d7a   Number         0  usenofp.o(x$fpl$usenofp)
    AHBPrescTable                            0x08005e20   Data          16  system_stm32f3xx.o(.rodata.AHBPrescTable)
    APBPrescTable                            0x08005e30   Data           8  system_stm32f3xx.o(.rodata.APBPrescTable)
    Region$$Table$$Base                      0x08006638   Number         0  anon$$obj.o(Region$$Table)
    Region$$Table$$Limit                     0x08006658   Number         0  anon$$obj.o(Region$$Table)
    uwTickFreq                               0x20000000   Data           1  stm32f3xx_hal.o(.data..L_MergedGlobals)
    uwTickPrio                               0x20000004   Data           4  stm32f3xx_hal.o(.data..L_MergedGlobals)
    Font_7x10                                0x20000008   Data           8  fonts.o(.data.Font_7x10)
    Phase                                    0x20000010   Data           4  main.o(.data.Phase)
    SystemCoreClock                          0x20000014   Data           4  system_stm32f3xx.o(.data.SystemCoreClock)
    __libspace_start                         0x20000018   Data          96  libspace.o(.bss)
    Adc_vol                                  0x20000078   Data           4  main.o(.bss..L_MergedGlobals)
    __temporary_stack_top$libspace           0x20000078   Data           0  libspace.o(.bss)
    Adc_amp                                  0x2000007c   Data           4  main.o(.bss..L_MergedGlobals)
    Vol_result                               0x20000080   Data           4  main.o(.bss..L_MergedGlobals)
    Amp_result                               0x20000084   Data           4  main.o(.bss..L_MergedGlobals)
    Watg_result                              0x20000088   Data           4  main.o(.bss..L_MergedGlobals)
    Watg_per_Hour                            0x2000008c   Data           4  main.o(.bss..L_MergedGlobals)
    Energy                                   0x20000090   Data           4  main.o(.bss..L_MergedGlobals)
    Time_counter                             0x20000098   Data           8  main.o(.bss..L_MergedGlobals)
    htim3                                    0x200000a0   Data          76  main.o(.bss..L_MergedGlobals)
    TaskIdJustRun                            0x200000ec   Data           2  scheduler.o(.bss..L_MergedGlobals)
    time_skip                                0x200000ee   Data           2  scheduler.o(.bss..L_MergedGlobals)
    count_task                               0x200000f0   Data           2  scheduler.o(.bss..L_MergedGlobals)
    next_id                                  0x200000f2   Data           2  scheduler.o(.bss..L_MergedGlobals)
    error_code                               0x200000f4   Data           2  scheduler.o(.bss..L_MergedGlobals)
    head_task                                0x200000f8   Data           4  scheduler.o(.bss..L_MergedGlobals)
    hadc1                                    0x20000108   Data          80  main.o(.bss.hadc1)
    hadc2                                    0x20000158   Data          80  main.o(.bss.hadc2)
    hspi1                                    0x200001a8   Data         100  main.o(.bss.hspi1)
    huart1                                   0x2000020c   Data         136  main.o(.bss.huart1)
    uwTick                                   0x20000294   Data           4  stm32f3xx_hal.o(.bss.uwTick)



==============================================================================

Memory Map of the image

  Image Entry point : 0x08000189

  Load Region LR_IROM1 (Base: 0x08000000, Size: 0x00006690, Max: 0x00010000, ABSOLUTE)

    Execution Region ER_IROM1 (Exec base: 0x08000000, Load base: 0x08000000, Size: 0x00006674, Max: 0x00010000, ABSOLUTE)

    Exec Addr    Load Addr    Size         Type   Attr      Idx    E Section Name        Object

    0x08000000   0x08000000   0x00000188   Data   RO            3    RESET               startup_stm32f303x8.o
    0x08000188   0x08000188   0x00000008   Code   RO         1582  * !!!main             c_w.l(__main.o)
    0x08000190   0x08000190   0x0000005c   Code   RO         1892    !!!scatter          c_w.l(__scatter.o)
    0x080001ec   0x080001ec   0x0000001a   Code   RO         1896    !!handler_copy      c_w.l(__scatter_copy.o)
    0x08000206   0x08000206   0x00000002   PAD
    0x08000208   0x08000208   0x00000002   Code   RO         1893    !!handler_null      c_w.l(__scatter.o)
    0x0800020a   0x0800020a   0x00000002   PAD
    0x0800020c   0x0800020c   0x0000001c   Code   RO         1898    !!handler_zi        c_w.l(__scatter_zi.o)
    0x08000228   0x08000228   0x00000000   Code   RO         1577    .ARM.Collect$$_printf_percent$$00000000  c_w.l(_printf_percent.o)
    0x08000228   0x08000228   0x00000006   Code   RO         1576    .ARM.Collect$$_printf_percent$$00000003  c_w.l(_printf_f.o)
    0x0800022e   0x0800022e   0x00000006   Code   RO         1575    .ARM.Collect$$_printf_percent$$00000009  c_w.l(_printf_d.o)
    0x08000234   0x08000234   0x00000004   Code   RO         1644    .ARM.Collect$$_printf_percent$$00000017  c_w.l(_printf_percent_end.o)
    0x08000238   0x08000238   0x00000002   Code   RO         1825    .ARM.Collect$$libinit$$00000000  c_w.l(libinit.o)
    0x0800023a   0x0800023a   0x00000004   Code   RO         1649    .ARM.Collect$$libinit$$00000001  c_w.l(libinit2.o)
    0x0800023e   0x0800023e   0x00000000   Code   RO         1652    .ARM.Collect$$libinit$$00000004  c_w.l(libinit2.o)
    0x0800023e   0x0800023e   0x00000000   Code   RO         1654    .ARM.Collect$$libinit$$00000006  c_w.l(libinit2.o)
    0x0800023e   0x0800023e   0x00000008   Code   RO         1655    .ARM.Collect$$libinit$$00000007  c_w.l(libinit2.o)
    0x08000246   0x08000246   0x00000000   Code   RO         1657    .ARM.Collect$$libinit$$0000000C  c_w.l(libinit2.o)
    0x08000246   0x08000246   0x00000000   Code   RO         1659    .ARM.Collect$$libinit$$0000000E  c_w.l(libinit2.o)
    0x08000246   0x08000246   0x00000000   Code   RO         1661    .ARM.Collect$$libinit$$00000010  c_w.l(libinit2.o)
    0x08000246   0x08000246   0x00000006   Code   RO         1662    .ARM.Collect$$libinit$$00000011  c_w.l(libinit2.o)
    0x0800024c   0x0800024c   0x00000000   Code   RO         1664    .ARM.Collect$$libinit$$00000013  c_w.l(libinit2.o)
    0x0800024c   0x0800024c   0x00000000   Code   RO         1666    .ARM.Collect$$libinit$$00000015  c_w.l(libinit2.o)
    0x0800024c   0x0800024c   0x00000000   Code   RO         1668    .ARM.Collect$$libinit$$00000017  c_w.l(libinit2.o)
    0x0800024c   0x0800024c   0x0000000a   Code   RO         1669    .ARM.Collect$$libinit$$00000018  c_w.l(libinit2.o)
    0x08000256   0x08000256   0x00000000   Code   RO         1670    .ARM.Collect$$libinit$$00000019  c_w.l(libinit2.o)
    0x08000256   0x08000256   0x00000000   Code   RO         1672    .ARM.Collect$$libinit$$0000001B  c_w.l(libinit2.o)
    0x08000256   0x08000256   0x00000000   Code   RO         1674    .ARM.Collect$$libinit$$0000001D  c_w.l(libinit2.o)
    0x08000256   0x08000256   0x00000000   Code   RO         1676    .ARM.Collect$$libinit$$0000001F  c_w.l(libinit2.o)
    0x08000256   0x08000256   0x00000000   Code   RO         1678    .ARM.Collect$$libinit$$00000021  c_w.l(libinit2.o)
    0x08000256   0x08000256   0x00000000   Code   RO         1680    .ARM.Collect$$libinit$$00000023  c_w.l(libinit2.o)
    0x08000256   0x08000256   0x00000000   Code   RO         1682    .ARM.Collect$$libinit$$00000025  c_w.l(libinit2.o)
    0x08000256   0x08000256   0x00000000   Code   RO         1684    .ARM.Collect$$libinit$$00000027  c_w.l(libinit2.o)
    0x08000256   0x08000256   0x00000000   Code   RO         1688    .ARM.Collect$$libinit$$0000002E  c_w.l(libinit2.o)
    0x08000256   0x08000256   0x00000000   Code   RO         1690    .ARM.Collect$$libinit$$00000030  c_w.l(libinit2.o)
    0x08000256   0x08000256   0x00000000   Code   RO         1692    .ARM.Collect$$libinit$$00000032  c_w.l(libinit2.o)
    0x08000256   0x08000256   0x00000000   Code   RO         1694    .ARM.Collect$$libinit$$00000034  c_w.l(libinit2.o)
    0x08000256   0x08000256   0x00000002   Code   RO         1695    .ARM.Collect$$libinit$$00000035  c_w.l(libinit2.o)
    0x08000258   0x08000258   0x00000002   Code   RO         1889    .ARM.Collect$$libshutdown$$00000000  c_w.l(libshutdown.o)
    0x0800025a   0x0800025a   0x00000000   Code   RO         1845    .ARM.Collect$$libshutdown$$00000002  c_w.l(libshutdown2.o)
    0x0800025a   0x0800025a   0x00000000   Code   RO         1847    .ARM.Collect$$libshutdown$$00000004  c_w.l(libshutdown2.o)
    0x0800025a   0x0800025a   0x00000000   Code   RO         1850    .ARM.Collect$$libshutdown$$00000007  c_w.l(libshutdown2.o)
    0x0800025a   0x0800025a   0x00000000   Code   RO         1853    .ARM.Collect$$libshutdown$$0000000A  c_w.l(libshutdown2.o)
    0x0800025a   0x0800025a   0x00000000   Code   RO         1855    .ARM.Collect$$libshutdown$$0000000C  c_w.l(libshutdown2.o)
    0x0800025a   0x0800025a   0x00000000   Code   RO         1858    .ARM.Collect$$libshutdown$$0000000F  c_w.l(libshutdown2.o)
    0x0800025a   0x0800025a   0x00000002   Code   RO         1859    .ARM.Collect$$libshutdown$$00000010  c_w.l(libshutdown2.o)
    0x0800025c   0x0800025c   0x00000000   Code   RO         1604    .ARM.Collect$$rtentry$$00000000  c_w.l(__rtentry.o)
    0x0800025c   0x0800025c   0x00000000   Code   RO         1713    .ARM.Collect$$rtentry$$00000002  c_w.l(__rtentry2.o)
    0x0800025c   0x0800025c   0x00000006   Code   RO         1725    .ARM.Collect$$rtentry$$00000004  c_w.l(__rtentry4.o)
    0x08000262   0x08000262   0x00000000   Code   RO         1715    .ARM.Collect$$rtentry$$00000009  c_w.l(__rtentry2.o)
    0x08000262   0x08000262   0x00000004   Code   RO         1716    .ARM.Collect$$rtentry$$0000000A  c_w.l(__rtentry2.o)
    0x08000266   0x08000266   0x00000000   Code   RO         1718    .ARM.Collect$$rtentry$$0000000C  c_w.l(__rtentry2.o)
    0x08000266   0x08000266   0x00000008   Code   RO         1719    .ARM.Collect$$rtentry$$0000000D  c_w.l(__rtentry2.o)
    0x0800026e   0x0800026e   0x00000002   Code   RO         1830    .ARM.Collect$$rtexit$$00000000  c_w.l(rtexit.o)
    0x08000270   0x08000270   0x00000000   Code   RO         1865    .ARM.Collect$$rtexit$$00000002  c_w.l(rtexit2.o)
    0x08000270   0x08000270   0x00000004   Code   RO         1866    .ARM.Collect$$rtexit$$00000003  c_w.l(rtexit2.o)
    0x08000274   0x08000274   0x00000006   Code   RO         1867    .ARM.Collect$$rtexit$$00000004  c_w.l(rtexit2.o)
    0x0800027a   0x0800027a   0x00000002   PAD
    0x0800027c   0x0800027c   0x00000040   Code   RO            4    .text               startup_stm32f303x8.o
    0x080002bc   0x080002bc   0x0000005e   Code   RO         1487    .text               c_w.l(h1_alloc.o)
    0x0800031a   0x0800031a   0x0000004e   Code   RO         1489    .text               c_w.l(h1_free.o)
    0x08000368   0x08000368   0x00000074   Code   RO         1545    .text               c_w.l(llsdiv.o)
    0x080003dc   0x080003dc   0x00000028   Code   RO         1549    .text               c_w.l(noretval__2sprintf.o)
    0x08000404   0x08000404   0x00000078   Code   RO         1553    .text               c_w.l(_printf_dec.o)
    0x0800047c   0x0800047c   0x00000138   Code   RO         1567    .text               c_w.l(__printf_flags_wp.o)
    0x080005b4   0x080005b4   0x00000006   Code   RO         1580    .text               c_w.l(heapauxi.o)
    0x080005ba   0x080005ba   0x00000002   PAD
    0x080005bc   0x080005bc   0x00000008   Code   RO         1612    .text               c_w.l(rt_heap_descriptor_intlibspace.o)
    0x080005c4   0x080005c4   0x00000004   Code   RO         1614    .text               c_w.l(hguard.o)
    0x080005c8   0x080005c8   0x0000008a   Code   RO         1616    .text               c_w.l(init_alloc.o)
    0x08000652   0x08000652   0x0000000c   Code   RO         1620    .text               c_w.l(h1_init.o)
    0x0800065e   0x0800065e   0x000000f0   Code   RO         1632    .text               c_w.l(lludivv7m.o)
    0x0800074e   0x0800074e   0x000000b2   Code   RO         1634    .text               c_w.l(_printf_intcommon.o)
    0x08000800   0x08000800   0x0000041c   Code   RO         1636    .text               c_w.l(_printf_fp_dec.o)
    0x08000c1c   0x08000c1c   0x00000030   Code   RO         1640    .text               c_w.l(_printf_char_common.o)
    0x08000c4c   0x08000c4c   0x0000000a   Code   RO         1642    .text               c_w.l(_sputc.o)
    0x08000c56   0x08000c56   0x00000002   PAD
    0x08000c58   0x08000c58   0x00000008   Code   RO         1709    .text               c_w.l(libspace.o)
    0x08000c60   0x08000c60   0x00000008   Code   RO         1732    .text               c_w.l(rt_locale_intlibspace.o)
    0x08000c68   0x08000c68   0x00000000   Code   RO         1736    .text               c_w.l(maybetermalloc1.o)
    0x08000c68   0x08000c68   0x00000034   Code   RO         1738    .text               c_w.l(h1_extend.o)
    0x08000c9c   0x08000c9c   0x0000008a   Code   RO         1742    .text               c_w.l(lludiv10.o)
    0x08000d26   0x08000d26   0x00000002   PAD
    0x08000d28   0x08000d28   0x00000080   Code   RO         1744    .text               c_w.l(_printf_fp_infnan.o)
    0x08000da8   0x08000da8   0x000000e4   Code   RO         1748    .text               c_w.l(bigflt0.o)
    0x08000e8c   0x08000e8c   0x0000000e   Code   RO         1778    .text               c_w.l(defsig_rtmem_outer.o)
    0x08000e9a   0x08000e9a   0x00000002   Code   RO         1793    .text               c_w.l(use_no_semi.o)
    0x08000e9c   0x08000e9c   0x00000000   Code   RO         1795    .text               c_w.l(indicate_semi.o)
    0x08000e9c   0x08000e9c   0x0000004a   Code   RO         1796    .text               c_w.l(sys_stackheap_outer.o)
    0x08000ee6   0x08000ee6   0x00000012   Code   RO         1804    .text               c_w.l(exit.o)
    0x08000ef8   0x08000ef8   0x0000000a   Code   RO         1806    .text               c_w.l(defsig_exit.o)
    0x08000f02   0x08000f02   0x00000002   PAD
    0x08000f04   0x08000f04   0x00000050   Code   RO         1812    .text               c_w.l(defsig_rtmem_inner.o)
    0x08000f54   0x08000f54   0x00000004   PAD
    0x08000f58   0x08000f58   0x0000007c   Code   RO         1814    .text               c_w.l(strcmpv7em.o)
    0x08000fd4   0x08000fd4   0x0000000c   Code   RO         1826    .text               c_w.l(sys_exit.o)
    0x08000fe0   0x08000fe0   0x00000032   Code   RO         1840    .text               c_w.l(defsig_general.o)
    0x08001012   0x08001012   0x0000000e   Code   RO         1860    .text               c_w.l(sys_wrch.o)
    0x08001020   0x08001020   0x000000dc   Code   RO          261    .text.ADC_ConversionStop  stm32f3xx_hal_adc_ex.o
    0x080010fc   0x080010fc   0x00000002   Code   RO           47    .text.BusFault_Handler  stm32f3xx_it.o
    0x080010fe   0x080010fe   0x00000002   PAD
    0x08001100   0x08001100   0x00000002   Code   RO           53    .text.DebugMon_Handler  stm32f3xx_it.o
    0x08001102   0x08001102   0x00000002   PAD
    0x08001104   0x08001104   0x00000220   Code   RO           19    .text.Display_St7735  main.o
    0x08001324   0x08001324   0x00000004   PAD
    0x08001328   0x08001328   0x0000037c   Code   RO           15    .text.Get_Data_And_Handle  main.o
    0x080016a4   0x080016a4   0x000000f0   Code   RO          335    .text.HAL_ADCEx_MultiModeConfigChannel  stm32f3xx_hal_adc_ex.o
    0x08001794   0x08001794   0x000003b0   Code   RO          329    .text.HAL_ADC_ConfigChannel  stm32f3xx_hal_adc_ex.o
    0x08001b44   0x08001b44   0x00000006   Code   RO          285    .text.HAL_ADC_GetValue  stm32f3xx_hal_adc_ex.o
    0x08001b4a   0x08001b4a   0x00000002   PAD
    0x08001b4c   0x08001b4c   0x000002aa   Code   RO          255    .text.HAL_ADC_Init  stm32f3xx_hal_adc_ex.o
    0x08001df6   0x08001df6   0x00000002   PAD
    0x08001df8   0x08001df8   0x000000be   Code   RO           68    .text.HAL_ADC_MspInit  stm32f3xx_hal_msp.o
    0x08001eb6   0x08001eb6   0x00000002   PAD
    0x08001eb8   0x08001eb8   0x0000012e   Code   RO          263    .text.HAL_ADC_Start  stm32f3xx_hal_adc_ex.o
    0x08001fe6   0x08001fe6   0x00000002   PAD
    0x08001fe8   0x08001fe8   0x000000ae   Code   RO          265    .text.HAL_ADC_Stop  stm32f3xx_hal_adc_ex.o
    0x08002096   0x08002096   0x00000002   PAD
    0x08002098   0x08002098   0x00000046   Code   RO          488    .text.HAL_DMA_Abort  stm32f3xx_hal_dma.o
    0x080020de   0x080020de   0x00000002   PAD
    0x080020e0   0x080020e0   0x00000048   Code   RO          490    .text.HAL_DMA_Abort_IT  stm32f3xx_hal_dma.o
    0x08002128   0x08002128   0x00000028   Code   RO          365    .text.HAL_Delay     stm32f3xx_hal.o
    0x08002150   0x08002150   0x000001ba   Code   RO          456    .text.HAL_GPIO_Init  stm32f3xx_hal_gpio.o
    0x0800230a   0x0800230a   0x00000002   PAD
    0x0800230c   0x0800230c   0x00000010   Code   RO          464    .text.HAL_GPIO_TogglePin  stm32f3xx_hal_gpio.o
    0x0800231c   0x0800231c   0x0000000c   Code   RO          462    .text.HAL_GPIO_WritePin  stm32f3xx_hal_gpio.o
    0x08002328   0x08002328   0x0000000c   Code   RO          357    .text.HAL_GetTick   stm32f3xx_hal.o
    0x08002334   0x08002334   0x0000001a   Code   RO          355    .text.HAL_IncTick   stm32f3xx_hal.o
    0x0800234e   0x0800234e   0x00000002   PAD
    0x08002350   0x08002350   0x00000026   Code   RO          345    .text.HAL_Init      stm32f3xx_hal.o
    0x08002376   0x08002376   0x00000002   PAD
    0x08002378   0x08002378   0x00000048   Code   RO          347    .text.HAL_InitTick  stm32f3xx_hal.o
    0x080023c0   0x080023c0   0x00000032   Code   RO           66    .text.HAL_MspInit   stm32f3xx_hal_msp.o
    0x080023f2   0x080023f2   0x00000002   PAD
    0x080023f4   0x080023f4   0x00000022   Code   RO          516    .text.HAL_NVIC_EnableIRQ  stm32f3xx_hal_cortex.o
    0x08002416   0x08002416   0x00000002   PAD
    0x08002418   0x08002418   0x00000056   Code   RO          514    .text.HAL_NVIC_SetPriority  stm32f3xx_hal_cortex.o
    0x0800246e   0x0800246e   0x00000002   PAD
    0x08002470   0x08002470   0x00000020   Code   RO          512    .text.HAL_NVIC_SetPriorityGrouping  stm32f3xx_hal_cortex.o
    0x08002490   0x08002490   0x0000012a   Code   RO          442    .text.HAL_RCCEx_PeriphCLKConfig  stm32f3xx_hal_rcc_ex.o
    0x080025ba   0x080025ba   0x00000002   PAD
    0x080025bc   0x080025bc   0x000001a2   Code   RO          409    .text.HAL_RCC_ClockConfig  stm32f3xx_hal_rcc.o
    0x0800275e   0x0800275e   0x00000002   PAD
    0x08002760   0x08002760   0x00000026   Code   RO          421    .text.HAL_RCC_GetPCLK1Freq  stm32f3xx_hal_rcc.o
    0x08002786   0x08002786   0x00000002   PAD
    0x08002788   0x08002788   0x00000056   Code   RO          411    .text.HAL_RCC_GetSysClockFreq  stm32f3xx_hal_rcc.o
    0x080027de   0x080027de   0x00000002   PAD
    0x080027e0   0x080027e0   0x000003a8   Code   RO          407    .text.HAL_RCC_OscConfig  stm32f3xx_hal_rcc.o
    0x08002b88   0x08002b88   0x000000dc   Code   RO          857    .text.HAL_SPI_Init  stm32f3xx_hal_spi.o
    0x08002c64   0x08002c64   0x0000006a   Code   RO           72    .text.HAL_SPI_MspInit  stm32f3xx_hal_msp.o
    0x08002cce   0x08002cce   0x00000002   PAD
    0x08002cd0   0x08002cd0   0x00000268   Code   RO          865    .text.HAL_SPI_Transmit  stm32f3xx_hal_spi.o
    0x08002f38   0x08002f38   0x0000002c   Code   RO          524    .text.HAL_SYSTICK_Config  stm32f3xx_hal_cortex.o
    0x08002f64   0x08002f64   0x00000086   Code   RO         1277    .text.HAL_TIMEx_MasterConfigSynchronization  stm32f3xx_hal_tim_ex.o
    0x08002fea   0x08002fea   0x00000002   PAD
    0x08002fec   0x08002fec   0x00000186   Code   RO         1132    .text.HAL_TIM_IC_ConfigChannel  stm32f3xx_hal_tim.o
    0x08003172   0x08003172   0x00000002   PAD
    0x08003174   0x08003174   0x00000118   Code   RO         1056    .text.HAL_TIM_IC_Init  stm32f3xx_hal_tim.o
    0x0800328c   0x0800328c   0x00000066   Code   RO           76    .text.HAL_TIM_IC_MspInit  stm32f3xx_hal_msp.o
    0x080032f2   0x080032f2   0x00000002   PAD
    0x080032f4   0x080032f4   0x00000002   Code   RO         1391    .text.HAL_UARTEx_RxEventCallback  stm32f3xx_hal_uart.o
    0x080032f6   0x080032f6   0x00000002   PAD
    0x080032f8   0x080032f8   0x00000002   Code   RO         1441    .text.HAL_UARTEx_WakeupCallback  stm32f3xx_hal_uart_ex.o
    0x080032fa   0x080032fa   0x00000002   PAD
    0x080032fc   0x080032fc   0x00000002   Code   RO         1389    .text.HAL_UART_ErrorCallback  stm32f3xx_hal_uart.o
    0x080032fe   0x080032fe   0x00000002   PAD
    0x08003300   0x08003300   0x000005da   Code   RO         1385    .text.HAL_UART_IRQHandler  stm32f3xx_hal_uart.o
    0x080038da   0x080038da   0x00000002   PAD
    0x080038dc   0x080038dc   0x0000005e   Code   RO         1305    .text.HAL_UART_Init  stm32f3xx_hal_uart.o
    0x0800393a   0x0800393a   0x00000002   PAD
    0x0800393c   0x0800393c   0x00000078   Code   RO           80    .text.HAL_UART_MspInit  stm32f3xx_hal_msp.o
    0x080039b4   0x080039b4   0x000000c0   Code   RO         1325    .text.HAL_UART_Transmit  stm32f3xx_hal_uart.o
    0x08003a74   0x08003a74   0x00000002   Code   RO         1393    .text.HAL_UART_TxCpltCallback  stm32f3xx_hal_uart.o
    0x08003a76   0x08003a76   0x00000002   PAD
    0x08003a78   0x08003a78   0x00000002   Code   RO           43    .text.HardFault_Handler  stm32f3xx_it.o
    0x08003a7a   0x08003a7a   0x00000002   PAD
    0x08003a7c   0x08003a7c   0x00000002   Code   RO           45    .text.MemManage_Handler  stm32f3xx_it.o
    0x08003a7e   0x08003a7e   0x00000002   PAD
    0x08003a80   0x08003a80   0x00000002   Code   RO           41    .text.NMI_Handler   stm32f3xx_it.o
    0x08003a82   0x08003a82   0x00000002   PAD
    0x08003a84   0x08003a84   0x00000002   Code   RO           55    .text.PendSV_Handler  stm32f3xx_it.o
    0x08003a86   0x08003a86   0x00000002   PAD
    0x08003a88   0x08003a88   0x000000e2   Code   RO          101    .text.SCH_Add_Task  scheduler.o
    0x08003b6a   0x08003b6a   0x00000002   PAD
    0x08003b6c   0x08003b6c   0x000000bc   Code   RO          103    .text.SCH_Dispatch_Tasks  scheduler.o
    0x08003c28   0x08003c28   0x00000018   Code   RO           93    .text.SCH_Init      scheduler.o
    0x08003c40   0x08003c40   0x0000003e   Code   RO           95    .text.SCH_Update    scheduler.o
    0x08003c7e   0x08003c7e   0x00000002   PAD
    0x08003c80   0x08003c80   0x0000017e   Code   RO          919    .text.SPI_WaitFifoStateUntilTimeout  stm32f3xx_hal_spi.o
    0x08003dfe   0x08003dfe   0x00000002   PAD
    0x08003e00   0x08003e00   0x000000ce   Code   RO          921    .text.SPI_WaitFlagStateUntilTimeout  stm32f3xx_hal_spi.o
    0x08003ece   0x08003ece   0x00000002   PAD
    0x08003ed0   0x08003ed0   0x00000012   Code   RO          151    .text.ST7735_Backlight_On  st7735.o
    0x08003ee2   0x08003ee2   0x00000002   PAD
    0x08003ee4   0x08003ee4   0x00000256   Code   RO          139    .text.ST7735_DrawString  st7735.o
    0x0800413a   0x0800413a   0x00000002   PAD
    0x0800413c   0x0800413c   0x00000092   Code   RO          133    .text.ST7735_ExecuteCommandList  st7735.o
    0x080041ce   0x080041ce   0x00000002   PAD
    0x080041d0   0x080041d0   0x000000ca   Code   RO          141    .text.ST7735_FillRectangle  st7735.o
    0x0800429a   0x0800429a   0x00000002   PAD
    0x0800429c   0x0800429c   0x00000036   Code   RO          143    .text.ST7735_FillScreen  st7735.o
    0x080042d2   0x080042d2   0x00000002   PAD
    0x080042d4   0x080042d4   0x00000064   Code   RO          131    .text.ST7735_Init   st7735.o
    0x08004338   0x08004338   0x0000010a   Code   RO          137    .text.ST7735_SetAddressWindow  st7735.o
    0x08004442   0x08004442   0x00000002   PAD
    0x08004444   0x08004444   0x00000002   Code   RO           51    .text.SVC_Handler   stm32f3xx_it.o
    0x08004446   0x08004446   0x00000002   PAD
    0x08004448   0x08004448   0x0000008c   Code   RO           17    .text.Send_Data_Esp32  main.o
    0x080044d4   0x080044d4   0x0000000e   Code   RO           23    .text.SysTick_Handler  main.o
    0x080044e2   0x080044e2   0x00000002   PAD
    0x080044e4   0x080044e4   0x00000012   Code   RO         1467    .text.SystemInit    system_stm32f3xx.o
    0x080044f6   0x080044f6   0x00000002   PAD
    0x080044f8   0x080044f8   0x000000ea   Code   RO         1311    .text.UART_AdvFeatureConfig  stm32f3xx_hal_uart.o
    0x080045e2   0x080045e2   0x00000002   PAD
    0x080045e4   0x080045e4   0x00000168   Code   RO         1313    .text.UART_CheckIdleState  stm32f3xx_hal_uart.o
    0x0800474c   0x0800474c   0x00000010   Code   RO         1387    .text.UART_DMAAbortOnError  stm32f3xx_hal_uart.o
    0x0800475c   0x0800475c   0x0000015c   Code   RO         1309    .text.UART_SetConfig  stm32f3xx_hal_uart.o
    0x080048b8   0x080048b8   0x000002ca   Code   RO         1327    .text.UART_WaitOnFlagUntilTimeout  stm32f3xx_hal_uart.o
    0x08004b82   0x08004b82   0x00000002   PAD
    0x08004b84   0x08004b84   0x0000000c   Code   RO           57    .text.USART1_IRQHandler  stm32f3xx_it.o
    0x08004b90   0x08004b90   0x00000002   Code   RO           49    .text.UsageFault_Handler  stm32f3xx_it.o
    0x08004b92   0x08004b92   0x00000002   PAD
    0x08004b94   0x08004b94   0x0000039a   Code   RO           11    .text.main          main.o
    0x08004f2e   0x08004f2e   0x0000003e   Code   RO         1751    CL$$btod_d2e        c_w.l(btod.o)
    0x08004f6c   0x08004f6c   0x00000046   Code   RO         1753    CL$$btod_d2e_denorm_low  c_w.l(btod.o)
    0x08004fb2   0x08004fb2   0x00000060   Code   RO         1752    CL$$btod_d2e_norm_op1  c_w.l(btod.o)
    0x08005012   0x08005012   0x00000002   PAD
    0x08005014   0x08005014   0x00000338   Code   RO         1761    CL$$btod_div_common  c_w.l(btod.o)
    0x0800534c   0x0800534c   0x000000dc   Code   RO         1758    CL$$btod_e2e        c_w.l(btod.o)
    0x08005428   0x08005428   0x0000002a   Code   RO         1755    CL$$btod_ediv       c_w.l(btod.o)
    0x08005452   0x08005452   0x0000002a   Code   RO         1754    CL$$btod_emul       c_w.l(btod.o)
    0x0800547c   0x0800547c   0x00000244   Code   RO         1760    CL$$btod_mult_common  c_w.l(btod.o)
    0x080056c0   0x080056c0   0x00000030   Code   RO         1791    i.__ARM_fpclassify  m_wm.l(fpclassify.o)
    0x080056f0   0x080056f0   0x0000000e   Code   RO         1565    i._is_digit         c_w.l(__printf_wp.o)
    0x080056fe   0x080056fe   0x00000002   PAD
    0x08005700   0x08005700   0x0000002c   Code   RO         1776    locale$$code        c_w.l(lc_numeric_c.o)
    0x0800572c   0x0800572c   0x00000062   Code   RO         1584    x$fpl$d2f           fz_wm.l(d2f.o)
    0x0800578e   0x0800578e   0x00000002   PAD
    0x08005790   0x08005790   0x000002b4   Code   RO         1587    x$fpl$ddiv          fz_wm.l(ddiv.o)
    0x08005a44   0x08005a44   0x0000002e   Code   RO         1591    x$fpl$dflt          fz_wm.l(dflt_clz.o)
    0x08005a72   0x08005a72   0x00000002   PAD
    0x08005a74   0x08005a74   0x00000154   Code   RO         1596    x$fpl$dmul          fz_wm.l(dmul.o)
    0x08005bc8   0x08005bc8   0x0000009c   Code   RO         1696    x$fpl$dnaninf       fz_wm.l(dnaninf.o)
    0x08005c64   0x08005c64   0x0000000c   Code   RO         1698    x$fpl$dretinf       fz_wm.l(dretinf.o)
    0x08005c70   0x08005c70   0x00000056   Code   RO         1598    x$fpl$f2d           fz_wm.l(f2d.o)
    0x08005cc6   0x08005cc6   0x0000008c   Code   RO         1700    x$fpl$fnaninf       fz_wm.l(fnaninf.o)
    0x08005d52   0x08005d52   0x0000001a   Code   RO         1787    x$fpl$fpinit        fz_wm.l(fpinit.o)
    0x08005d6c   0x08005d6c   0x0000000a   Code   RO         1702    x$fpl$fretinf       fz_wm.l(fretinf.o)
    0x08005d76   0x08005d76   0x00000004   Code   RO         1600    x$fpl$printf1       fz_wm.l(printf1.o)
    0x08005d7a   0x08005d7a   0x00000000   Code   RO         1704    x$fpl$usenofp       fz_wm.l(usenofp.o)
    0x08005d7a   0x08005d7a   0x00000011   Data   RO         1568    .constdata          c_w.l(__printf_flags_wp.o)
    0x08005d8b   0x08005d8b   0x00000001   PAD
    0x08005d8c   0x08005d8c   0x00000094   Data   RO         1749    .constdata          c_w.l(bigflt0.o)
    0x08005e20   0x08005e20   0x00000010   Data   RO         1472    .rodata.AHBPrescTable  system_stm32f3xx.o
    0x08005e30   0x08005e30   0x00000008   Data   RO         1473    .rodata.APBPrescTable  system_stm32f3xx.o
    0x08005e38   0x08005e38   0x0000076c   Data   RO          120    .rodata.Font7x10    fonts.o
    0x080065a4   0x080065a4   0x00000020   Data   RO          433    .rodata.cst16       stm32f3xx_hal_rcc.o
    0x080065c4   0x080065c4   0x0000003b   Data   RO          191    .rodata.init_cmds1  st7735.o
    0x080065ff   0x080065ff   0x0000000d   Data   RO          192    .rodata.init_cmds2  st7735.o
    0x0800660c   0x0800660c   0x0000002b   Data   RO          193    .rodata.init_cmds3  st7735.o
    0x08006637   0x08006637   0x00000001   PAD
    0x08006638   0x08006638   0x00000020   Data   RO         1891    Region$$Table       anon$$obj.o
    0x08006658   0x08006658   0x0000001c   Data   RO         1775    locale$$data        c_w.l(lc_numeric_c.o)


    Execution Region RW_IRAM2 (Exec base: 0x10000000, Load base: 0x08006690, Size: 0x00000000, Max: 0x00001000, ABSOLUTE)

    **** No section assigned to this execution region ****


    Execution Region RW_IRAM1 (Exec base: 0x20000000, Load base: 0x08006678, Size: 0x00000898, Max: 0x00003000, ABSOLUTE)

    Exec Addr    Load Addr    Size         Type   Attr      Idx    E Section Name        Object

    0x20000000   0x08006678   0x00000008   Data   RW          396    .data..L_MergedGlobals  stm32f3xx_hal.o
    0x20000008   0x08006680   0x00000008   Data   RW          121    .data.Font_7x10     fonts.o
    0x20000010   0x08006688   0x00000004   Data   RW           25    .data.Phase         main.o
    0x20000014   0x0800668c   0x00000004   Data   RW         1471    .data.SystemCoreClock  system_stm32f3xx.o
    0x20000018        -       0x00000060   Zero   RW         1710    .bss                c_w.l(libspace.o)
    0x20000078        -       0x00000074   Zero   RW           32    .bss..L_MergedGlobals  main.o
    0x200000ec        -       0x00000010   Zero   RW          111    .bss..L_MergedGlobals  scheduler.o
    0x200000fc        -       0x00000006   Zero   RW          194    .bss..L_MergedGlobals  st7735.o
    0x20000102   0x08006690   0x00000002   PAD
    0x20000104        -       0x00000004   Zero   RW           84    .bss.HAL_RCC_ADC12_CLK_ENABLED  stm32f3xx_hal_msp.o
    0x20000108        -       0x00000050   Zero   RW           27    .bss.hadc1          main.o
    0x20000158        -       0x00000050   Zero   RW           28    .bss.hadc2          main.o
    0x200001a8        -       0x00000064   Zero   RW           29    .bss.hspi1          main.o
    0x2000020c        -       0x00000088   Zero   RW           30    .bss.huart1         main.o
    0x20000294        -       0x00000004   Zero   RW          395    .bss.uwTick         stm32f3xx_hal.o
    0x20000298        -       0x00000200   Zero   RW            2    HEAP                startup_stm32f303x8.o
    0x20000498        -       0x00000400   Zero   RW            1    STACK               startup_stm32f303x8.o


==============================================================================

Image component sizes


      Code (inc. data)   RO Data    RW Data    ZI Data      Debug   Object Name

         0          0       1900          8          0        908   fonts.o
      2512        214          0          4        512      16269   main.o
       500          0          0          0         16       5560   scheduler.o
      1384          0        115          0          6      28689   st7735.o
        64         26        392          0       1536        892   startup_stm32f303x8.o
       188          0          0          8          4       5913   stm32f3xx_hal.o
      2568          6          0          0          0      30711   stm32f3xx_hal_adc_ex.o
       196          0          0          0          0       8508   stm32f3xx_hal_cortex.o
       142          0          0          0          0       7773   stm32f3xx_hal_dma.o
       470          0          0          0          0       5010   stm32f3xx_hal_gpio.o
       568          0          0          0          4      12323   stm32f3xx_hal_msp.o
      1478          0         32          0          0       7557   stm32f3xx_hal_rcc.o
       298          0          0          0          0       4736   stm32f3xx_hal_rcc_ex.o
      1424          0          0          0          0      27384   stm32f3xx_hal_spi.o
       670          6          0          0          0      61310   stm32f3xx_hal_tim.o
       134          0          0          0          0      21280   stm32f3xx_hal_tim_ex.o
      3462         40          0          0          0      34217   stm32f3xx_hal_uart.o
         2          0          0          0          0       8463   stm32f3xx_hal_uart_ex.o
        28          0          0          0          0       4041   stm32f3xx_it.o
        18          0         24          4          0       2247   system_stm32f3xx.o

    ----------------------------------------------------------------------
     16206        296       2496         24       2080     293791   Object Totals
         0          0         32          0          0          0   (incl. Generated)
       100          4          1          0          2          0   (incl. Padding)

    ----------------------------------------------------------------------

      Code (inc. data)   RO Data    RW Data    ZI Data      Debug   Library Member Name

         8          0          0          0          0         68   __main.o
       312          4         17          0          0         92   __printf_flags_wp.o
        14          0          0          0          0         68   __printf_wp.o
         0          0          0          0          0          0   __rtentry.o
        12          0          0          0          0          0   __rtentry2.o
         6          0          0          0          0          0   __rtentry4.o
        94          8          0          0          0          0   __scatter.o
        26          0          0          0          0          0   __scatter_copy.o
        28          0          0          0          0          0   __scatter_zi.o
        48          6          0          0          0         96   _printf_char_common.o
         6          0          0          0          0          0   _printf_d.o
       120         16          0          0          0         92   _printf_dec.o
         6          0          0          0          0          0   _printf_f.o
      1052          0          0          0          0        148   _printf_fp_dec.o
       128         16          0          0          0         84   _printf_fp_infnan.o
       178          0          0          0          0         88   _printf_intcommon.o
         0          0          0          0          0          0   _printf_percent.o
         4          0          0          0          0          0   _printf_percent_end.o
        10          0          0          0          0         68   _sputc.o
       228          4        148          0          0         96   bigflt0.o
      1936        128          0          0          0        668   btod.o
        10          0          0          0          0         68   defsig_exit.o
        50          0          0          0          0         88   defsig_general.o
        80         58          0          0          0         76   defsig_rtmem_inner.o
        14          0          0          0          0         80   defsig_rtmem_outer.o
        18          0          0          0          0         80   exit.o
        94          0          0          0          0         80   h1_alloc.o
        52          0          0          0          0         68   h1_extend.o
        78          0          0          0          0         80   h1_free.o
        12          0          0          0          0         84   h1_init.o
         6          0          0          0          0        152   heapauxi.o
         4          0          0          0          0        136   hguard.o
         0          0          0          0          0          0   indicate_semi.o
       138          0          0          0          0        168   init_alloc.o
        44         10         28          0          0         76   lc_numeric_c.o
         2          0          0          0          0          0   libinit.o
        30          0          0          0          0          0   libinit2.o
         2          0          0          0          0          0   libshutdown.o
         2          0          0          0          0          0   libshutdown2.o
         8          4          0          0         96         68   libspace.o
       116          0          0          0          0         84   llsdiv.o
       138          0          0          0          0         80   lludiv10.o
       240          0          0          0          0        100   lludivv7m.o
         0          0          0          0          0          0   maybetermalloc1.o
        40          6          0          0          0         84   noretval__2sprintf.o
         8          4          0          0          0         68   rt_heap_descriptor_intlibspace.o
         8          4          0          0          0         68   rt_locale_intlibspace.o
         2          0          0          0          0          0   rtexit.o
        10          0          0          0          0          0   rtexit2.o
       124          0          0          0          0         88   strcmpv7em.o
        12          4          0          0          0         68   sys_exit.o
        74          0          0          0          0         80   sys_stackheap_outer.o
        14          0          0          0          0         76   sys_wrch.o
         2          0          0          0          0         68   use_no_semi.o
        98          4          0          0          0        140   d2f.o
       692        140          0          0          0        264   ddiv.o
        46          0          0          0          0        116   dflt_clz.o
       340         12          0          0          0        152   dmul.o
       156          4          0          0          0        140   dnaninf.o
        12          0          0          0          0        116   dretinf.o
        86          4          0          0          0        132   f2d.o
       140          4          0          0          0        132   fnaninf.o
        26          0          0          0          0        116   fpinit.o
        10          0          0          0          0        116   fretinf.o
         4          0          0          0          0        116   printf1.o
         0          0          0          0          0          0   usenofp.o
        48          0          0          0          0        124   fpclassify.o

    ----------------------------------------------------------------------
      7332        444        194          0         96       5400   Library Totals
        26          4          1          0          0          0   (incl. Padding)

    ----------------------------------------------------------------------

      Code (inc. data)   RO Data    RW Data    ZI Data      Debug   Library Name

      5648        272        193          0         96       3736   c_w.l
      1610        168          0          0          0       1540   fz_wm.l
        48          0          0          0          0        124   m_wm.l

    ----------------------------------------------------------------------
      7332        444        194          0         96       5400   Library Totals

    ----------------------------------------------------------------------

==============================================================================


      Code (inc. data)   RO Data    RW Data    ZI Data      Debug   

     23538        740       2690         24       2176     295839   Grand Totals
     23538        740       2690         24       2176     295839   ELF Image Totals
     23538        740       2690         24          0          0   ROM Totals

==============================================================================

    Total RO  Size (Code + RO Data)                26228 (  25.61kB)
    Total RW  Size (RW Data + ZI Data)              2200 (   2.15kB)
    Total ROM Size (Code + RO Data + RW Data)      26252 (  25.64kB)

==============================================================================

