<html>
<body>
<pre>
<h1>µVision Build Log</h1>
<h2>Tool Versions:</h2>
IDE-Version: µVision V5.39.0.0
Copyright (C) 2023 ARM Ltd and ARM Germany GmbH. All rights reserved.
License Information: ad ad, ad, LIC=UJWP0-BYVZJ-JJ56S-LQHDH-ERB75-Y7XTB
 
Tool Versions:
Toolchain:       MDK-ARM Plus  Version: 5.39.0.0
Toolchain Path:  C:\Keil_v5\ARM\ARMCLANG\Bin
C Compiler:      ArmClang.exe V6.21
Assembler:       Armasm.exe V6.21
Linker/Locator:  ArmLink.exe V6.21
Library Manager: ArmAr.exe V6.21
Hex Converter:   FromElf.exe V6.21
CPU DLL:         SARMCM3.DLL V5.39.0.0
Dialog DLL:      DCM.DLL V1.17.5.0
Target DLL:      STLink\ST-LINKIII-KEIL_SWO.dll V3.2.0.0
Dialog DLL:      TCM.DLL V1.56.4.0
 
<h2>Project:</h2>
C:\Users\huyvu\OneDrive - hcmut.edu.vn\Desktop\ACmulti\Source_ARM\Source_Code_STM32F303C8Tx\MDK-ARM\Source_Code_STM32F303C8Tx.uvprojx
Project File Date:  03/24/2024

<h2>Output:</h2>
*** Using Compiler 'V6.21', folder: 'C:\Keil_v5\ARM\ARMCLANG\Bin'
Rebuild target 'Source_Code_STM32F303C8Tx'
compiling fonts.c...
compiling stm32f3xx_hal_rcc_ex.c...
compiling stm32f3xx_hal.c...
compiling stm32f3xx_hal_cortex.c...
compiling stm32f3xx_hal_gpio.c...
assembling startup_stm32f303x8.s...
compiling scheduler.c...
compiling stm32f3xx_it.c...
compiling main.c...
compiling stm32f3xx_hal_adc.c...
compiling stm32f3xx_hal_msp.c...
compiling stm32f3xx_hal_dma.c...
compiling stm32f3xx_hal_rcc.c...
compiling stm32f3xx_hal_pwr.c...
compiling stm32f3xx_hal_pwr_ex.c...
compiling stm32f3xx_hal_i2c_ex.c...
compiling stm32f3xx_hal_spi_ex.c...
compiling st7735.c...
compiling stm32f3xx_hal_flash.c...
compiling stm32f3xx_hal_flash_ex.c...
compiling stm32f3xx_hal_exti.c...
compiling stm32f3xx_hal_adc_ex.c...
compiling stm32f3xx_hal_uart_ex.c...
compiling system_stm32f3xx.c...
compiling stm32f3xx_hal_tim_ex.c...
compiling stm32f3xx_hal_spi.c...
compiling stm32f3xx_hal_uart.c...
compiling stm32f3xx_hal_i2c.c...
compiling stm32f3xx_hal_tim.c...
linking...
Program Size: Code=23538 RO-data=2690 RW-data=24 ZI-data=2176  
FromELF: creating hex file...
"Source_Code_STM32F303C8Tx\Source_Code_STM32F303C8Tx.axf" - 0 Error(s), 0 Warning(s).

<h2>Software Packages used:</h2>

Package Vendor: ARM
                https://www.keil.com/pack/ARM.CMSIS.6.0.0.pack
                ARM::CMSIS@6.0.0
                CMSIS (Common Microcontroller Software Interface Standard)
   * Component: CORE Version: 6.0.0

Package Vendor: Keil
                http://www.keil.com/pack/Keil.STM32F3xx_DFP.2.2.2.pack
                Keil::STM32F3xx_DFP@2.2.2
                STMicroelectronics STM32F3 Series Device Support and Examples

<h2>Collection of Component include folders:</h2>
  ./RTE/_Source_Code_STM32F303C8Tx
  C:/Users/huyvu/AppData/Local/Arm/Packs/ARM/CMSIS/6.0.0/CMSIS/Core/Include
  C:/Users/huyvu/AppData/Local/Arm/Packs/Keil/STM32F3xx_DFP/2.2.2/Drivers/CMSIS/Device/ST/STM32F3xx/Include

<h2>Collection of Component Files used:</h2>

   * Component: ARM::CMSIS:CORE@6.0.0
      Include file:  CMSIS/Core/Include/tz_context.h
Build Time Elapsed:  00:00:03
</pre>
</body>
</html>
